Microchip MPLAB XC8 Compiler V1.20 ()

Linker command line:

--edf=C:\Program Files (x86)\Microchip\xc8\v1.20\dat\en_msgs.txt -cs \
  -h+dist/default/production\PICsun2.X.production.sym \
  --cmf=dist/default/production\PICsun2.X.production.cmf -z -Q12F1822 \
  -oC:\Users\David\AppData\Local\Temp\s5sk.6 \
  -Mdist/default/production/PICsun2.X.production.map -E1 -ver=XC8 \
  -ACONST=00h-0FFhx8 -ACODE=00h-07FFh -ASTRCODE=00h-07FFh \
  -AENTRY=00h-0FFhx8 -ASTRING=00h-0FFhx8 -ACOMMON=070h-07Fh \
  -ABANK0=020h-06Fh -ABANK1=0A0h-0BFh -ABIGRAM=02000h-0206Fh \
  -ARAM=020h-06Fh,0A0h-0BFh -AABS1=020h-07Fh,0A0h-0BFh -ASFR0=00h-01Fh \
  -ASFR1=080h-09Fh -ASFR2=0100h-016Fh -ASFR3=0180h-01EFh -ASFR4=0200h-026Fh \
  -ASFR5=0280h-02EFh -ASFR6=0300h-036Fh -ASFR7=0380h-03EFh \
  -ASFR8=0400h-046Fh -ASFR9=0480h-04EFh -ASFR10=0500h-056Fh \
  -ASFR11=0580h-05EFh -ASFR12=0600h-066Fh -ASFR13=0680h-06EFh \
  -ASFR14=0700h-076Fh -ASFR15=0780h-07EFh -ASFR16=0800h-086Fh \
  -ASFR17=0880h-08EFh -ASFR18=0900h-096Fh -ASFR19=0980h-09EFh \
  -ASFR20=0A00h-0A6Fh -ASFR21=0A80h-0AEFh -ASFR22=0B00h-0B6Fh \
  -ASFR23=0B80h-0BEFh -ASFR24=0C00h-0C6Fh -ASFR25=0C80h-0CEFh \
  -ASFR26=0D00h-0D6Fh -ASFR27=0D80h-0DEFh -ASFR28=0E00h-0E6Fh \
  -ASFR29=0E80h-0EEFh -ASFR30=0F00h-0F6Fh -ASFR31=0F80h-0FEFh \
  -preset_vec=00h,intentry=04h,init,end_init -ppowerup=CODE -pfunctab=CODE \
  -ACONFIG=08007h-08008h -pconfig=CONFIG -DCONFIG=2 -AIDLOC=08000h-08003h \
  -pidloc=IDLOC -DIDLOC=2 -AEEDATA=00h-0FFh/0F000h -peeprom_data=EEDATA \
  -DEEDATA=2 -DCODE=2 -DSTRCODE=2 -DSTRING=2 -DCONST=2 -DENTRY=2 -k \
  C:\Users\David\AppData\Local\Temp\s5sk.obj \
  dist/default/production\PICsun2.X.production.obj 

Object code version is 3.11

Machine type is 12F1822



                Name                               Link     Load   Length Selector   Space Scale
C:\Users\David\AppData\Local\Temp\s5sk.obj
                end_init                             73       73        1        8       0
                reset_vec                             0        0        1        0       0
                config                             8007     8007        2    1000E       0
dist/default/production\PICsun2.X.production.obj
                intentry                              4        4       6F        8       0
                text16                              5BB      5BB        D        8       0
                text14                              3F1      3F1       61        8       0
                text13                               74       74       F5        8       0
                text12                              452      452       54        8       0
                text11                              543      543       21        8       0
                text10                              248      248       A8        8       0
                text9                               59A      59A       14        8       0
                text8                               564      564       1E        8       0
                text7                               169      169       DF        8       0
                text6                               51A      51A       29        8       0
                text5                               5C8      5C8        9        8       0
                text4                               582      582       18        8       0
                text3                               2F0      2F0       87        8       0
                text2                               377      377       7A        8       0
                text1                               4A6      4A6       3F        8       0
                maintext                            4E5      4E5       35        8       0
                cstackBANK0                          20       20       2A       20       1
                cstackCOMMON                         75       75        5       70       1
                clrtext                             5D1      5D1        6        8       0
                bssBANK0                             4A       4A       14       20       1
                bssCOMMON                            70       70        5       70       1
                cinit                               5AE      5AE        D        8       0

TOTAL           Name                               Link     Load   Length     Space
        CLASS   CONST          

        CLASS   CODE           
                end_init                             73       73        1         0
                intentry                              4        4       6F         0
                reset_vec                             0        0        1         0
                text16                              5BB      5BB        D         0
                text14                              3F1      3F1       61         0
                text13                               74       74       F5         0
                text12                              452      452       54         0
                text11                              543      543       21         0
                text10                              248      248       A8         0
                text9                               59A      59A       14         0
                text8                               564      564       1E         0
                text7                               169      169       DF         0
                text6                               51A      51A       29         0
                text5                               5C8      5C8        9         0
                text4                               582      582       18         0
                text3                               2F0      2F0       87         0
                text2                               377      377       7A         0
                text1                               4A6      4A6       3F         0
                maintext                            4E5      4E5       35         0
                clrtext                             5D1      5D1        6         0
                cinit                               5AE      5AE        D         0

        CLASS   STRCODE        

        CLASS   ENTRY          

        CLASS   STRING         

        CLASS   COMMON         
                cstackCOMMON                         75       75        5         1
                bssCOMMON                            70       70        5         1

        CLASS   BANK0          
                cstackBANK0                          20       20       2A         1
                bssBANK0                             4A       4A       14         1

        CLASS   BANK1          

        CLASS   BIGRAM         

        CLASS   RAM            

        CLASS   ABS1           
                abs_s1                               7E       7E        2         1

        CLASS   SFR0           

        CLASS   SFR1           

        CLASS   SFR2           

        CLASS   SFR3           

        CLASS   SFR4           

        CLASS   SFR5           

        CLASS   SFR6           

        CLASS   SFR7           

        CLASS   SFR8           

        CLASS   SFR9           

        CLASS   SFR10          

        CLASS   SFR11          

        CLASS   SFR12          

        CLASS   SFR13          

        CLASS   SFR14          

        CLASS   SFR15          

        CLASS   SFR16          

        CLASS   SFR17          

        CLASS   SFR18          

        CLASS   SFR19          

        CLASS   SFR20          

        CLASS   SFR21          

        CLASS   SFR22          

        CLASS   SFR23          

        CLASS   SFR24          

        CLASS   SFR25          

        CLASS   SFR26          

        CLASS   SFR27          

        CLASS   SFR28          

        CLASS   SFR29          

        CLASS   SFR30          

        CLASS   SFR31          

        CLASS   CONFIG         
                config                             8007     8007        2         0

        CLASS   IDLOC          

        CLASS   EEDATA         

        CLASS   BANK31         

        CLASS   BANK30         

        CLASS   BANK29         

        CLASS   BANK28         

        CLASS   BANK27         

        CLASS   BANK26         

        CLASS   BANK25         

        CLASS   BANK24         

        CLASS   BANK23         

        CLASS   BANK22         

        CLASS   BANK21         

        CLASS   BANK20         

        CLASS   BANK19         

        CLASS   BANK18         

        CLASS   BANK17         

        CLASS   BANK16         

        CLASS   BANK15         

        CLASS   BANK14         

        CLASS   BANK13         

        CLASS   BANK12         

        CLASS   BANK11         

        CLASS   BANK10         

        CLASS   BANK9          

        CLASS   BANK8          

        CLASS   BANK7          

        CLASS   BANK6          

        CLASS   BANK5          

        CLASS   BANK4          

        CLASS   BANK3          

        CLASS   BANK2          



SEGMENTS        Name                           Load    Length   Top    Selector   Space  Class     Delta

                reset_vec                      000000  000001  000001         0       0  CODE        2
                intentry                       000004  0005D3  0005D7         8       0  CODE        2
                cstackBANK0                    000020  00003E  00005E        20       1  BANK0       1
                bssCOMMON                      000070  00000A  00007A        70       1  COMMON      1
                config                         008007  000002  008009     1000E       0  CONFIG      2


UNUSED ADDRESS RANGES

        Name                Unused          Largest block    Delta
        BANK0            0005E-0006F              12           1
        BANK1            000A0-000BF              20           1
        BIGRAM           02000-0206F              70           1
        CODE             00001-00003               3           2
                         005D7-007FF             229
        COMMON           0007A-0007D               4           1
        CONST            00001-00003               3           2
                         005D7-007FF             100
        EEDATA           0F000-0F0FF             100           2
        ENTRY            00001-00003               3           2
                         005D7-007FF             100
        IDLOC            08000-08003               4           2
        RAM              0005E-0006F              12           1
                         000A0-000BF              20
        SFR0             00000-0001F              20           1
        SFR1             00080-0009F              20           1
        SFR10            00500-0056F              70           1
        SFR11            00580-005EF              70           1
        SFR12            00600-0066F              70           1
        SFR13            00680-006EF              70           1
        SFR14            00700-0076F              70           1
        SFR15            00780-007EF              70           1
        SFR16            00800-0086F              70           1
        SFR17            00880-008EF              70           1
        SFR18            00900-0096F              70           1
        SFR19            00980-009EF              70           1
        SFR2             00100-0016F              70           1
        SFR20            00A00-00A6F              70           1
        SFR21            00A80-00AEF              70           1
        SFR22            00B00-00B6F              70           1
        SFR23            00B80-00BEF              70           1
        SFR24            00C00-00C6F              70           1
        SFR25            00C80-00CEF              70           1
        SFR26            00D00-00D6F              70           1
        SFR27            00D80-00DEF              70           1
        SFR28            00E00-00E6F              70           1
        SFR29            00E80-00EEF              70           1
        SFR3             00180-001EF              70           1
        SFR30            00F00-00F6F              70           1
        SFR31            00F80-00FEF              70           1
        SFR4             00200-0026F              70           1
        SFR5             00280-002EF              70           1
        SFR6             00300-0036F              70           1
        SFR7             00380-003EF              70           1
        SFR8             00400-0046F              70           1
        SFR9             00480-004EF              70           1
        STRCODE          00001-00003               3           2
                         005D7-007FF             229
        STRING           00001-00003               3           2
                         005D7-007FF             100

                                  Symbol Table

?___awdiv                cstackBANK0  00026
?___awtoft               cstackBANK0  00028
?___ftadd                cstackBANK0  00028
?___ftdiv                cstackBANK0  0002E
?___ftneg                cstackBANK0  00020
?___ftpack               cstackBANK0  00020
?___ftsub                cstackBANK0  00035
?___fttol                cstackBANK0  00035
?___lwtoft               cstackBANK0  00028
?___wmul                 cstackBANK0  00020
?_setPWMdc               cstackBANK0  00043
I2CWrite@data            cstackCOMMON 00075
_ANSELA                  (abs)        0018C
_APFCONbits              (abs)        0011D
_BF                      (abs)        010A0
_CCP1CON                 (abs)        00293
_CCP1CONbits             (abs)        00293
_CCPR1L                  (abs)        00291
_CKP                     (abs)        010AC
_I2CWrite                text16       005BB
_INTCONbits              (abs)        0000B
_LATA                    (abs)        0010C
_OPTION_REG              (abs)        00095
_OSCCONbits              (abs)        00099
_PIE1bits                (abs)        00091
_PIR1bits                (abs)        00011
_PR2                     (abs)        0001B
_SEN                     (abs)        010B0
_SSP1ADD                 (abs)        00212
_SSP1BUF                 (abs)        00211
_SSP1CON1                (abs)        00215
_SSP1CON2bits            (abs)        00216
_SSP1IF                  (abs)        0008B
_SSPBUF                  (abs)        00211
_SSPOV                   (abs)        010AE
_SSPSTAT                 (abs)        00214
_T2CONbits               (abs)        0001C
_TRISAbits               (abs)        0008C
_WCOL                    (abs)        010AF
_WPUA                    (abs)        0020C
__CFG_BOREN$OFF          (abs)        00000
__CFG_BORV$LO            (abs)        00000
__CFG_CLKOUTEN$OFF       (abs)        00000
__CFG_CP$OFF             (abs)        00000
__CFG_CPD$OFF            (abs)        00000
__CFG_FCMEN$OFF          (abs)        00000
__CFG_FOSC$INTOSC        (abs)        00000
__CFG_IESO$OFF           (abs)        00000
__CFG_LVP$OFF            (abs)        00000
__CFG_MCLRE$OFF          (abs)        00000
__CFG_PLLEN$OFF          (abs)        00000
__CFG_STVREN$ON          (abs)        00000
__CFG_WDTE$OFF           (abs)        00000
__CFG_WRT$OFF            (abs)        00000
__Habs1                  abs1         00000
__Hbank0                 bank0        00000
__Hbank1                 bank1        00000
__Hbank10                bank10       00000
__Hbank11                bank11       00000
__Hbank12                bank12       00000
__Hbank13                bank13       00000
__Hbank14                bank14       00000
__Hbank15                bank15       00000
__Hbank16                bank16       00000
__Hbank17                bank17       00000
__Hbank18                bank18       00000
__Hbank19                bank19       00000
__Hbank2                 bank2        00000
__Hbank20                bank20       00000
__Hbank21                bank21       00000
__Hbank22                bank22       00000
__Hbank23                bank23       00000
__Hbank24                bank24       00000
__Hbank25                bank25       00000
__Hbank26                bank26       00000
__Hbank27                bank27       00000
__Hbank28                bank28       00000
__Hbank29                bank29       00000
__Hbank3                 bank3        00000
__Hbank30                bank30       00000
__Hbank31                bank31       00000
__Hbank4                 bank4        00000
__Hbank5                 bank5        00000
__Hbank6                 bank6        00000
__Hbank7                 bank7        00000
__Hbank8                 bank8        00000
__Hbank9                 bank9        00000
__Hbigram                bigram       00000
__HbssBANK0              bssBANK0     00000
__HbssCOMMON             bssCOMMON    00000
__Hcinit                 cinit        00000
__Hclrtext               clrtext      00000
__Hcode                  code         00000
__Hcommon                common       00000
__Hconfig                config       08009
__HcstackBANK0           cstackBANK0  00000
__HcstackCOMMON          cstackCOMMON 00000
__Heeprom_data           eeprom_data  00000
__Hend_init              end_init     00074
__Hfunctab               functab      00000
__Hidloc                 idloc        00000
__Hinit                  init         00073
__Hintentry              intentry     00073
__Hmaintext              maintext     00000
__Hpowerup               powerup      00000
__Hram                   ram          00000
__Hreset_vec             reset_vec    00001
__Hsfr0                  sfr0         00000
__Hsfr1                  sfr1         00000
__Hsfr10                 sfr10        00000
__Hsfr11                 sfr11        00000
__Hsfr12                 sfr12        00000
__Hsfr13                 sfr13        00000
__Hsfr14                 sfr14        00000
__Hsfr15                 sfr15        00000
__Hsfr16                 sfr16        00000
__Hsfr17                 sfr17        00000
__Hsfr18                 sfr18        00000
__Hsfr19                 sfr19        00000
__Hsfr2                  sfr2         00000
__Hsfr20                 sfr20        00000
__Hsfr21                 sfr21        00000
__Hsfr22                 sfr22        00000
__Hsfr23                 sfr23        00000
__Hsfr24                 sfr24        00000
__Hsfr25                 sfr25        00000
__Hsfr26                 sfr26        00000
__Hsfr27                 sfr27        00000
__Hsfr28                 sfr28        00000
__Hsfr29                 sfr29        00000
__Hsfr3                  sfr3         00000
__Hsfr30                 sfr30        00000
__Hsfr31                 sfr31        00000
__Hsfr4                  sfr4         00000
__Hsfr5                  sfr5         00000
__Hsfr6                  sfr6         00000
__Hsfr7                  sfr7         00000
__Hsfr8                  sfr8         00000
__Hsfr9                  sfr9         00000
__Hstrings               strings      00000
__Htext                  text         00000
__Labs1                  abs1         00000
__Lbank0                 bank0        00000
__Lbank1                 bank1        00000
__Lbank10                bank10       00000
__Lbank11                bank11       00000
__Lbank12                bank12       00000
__Lbank13                bank13       00000
__Lbank14                bank14       00000
__Lbank15                bank15       00000
__Lbank16                bank16       00000
__Lbank17                bank17       00000
__Lbank18                bank18       00000
__Lbank19                bank19       00000
__Lbank2                 bank2        00000
__Lbank20                bank20       00000
__Lbank21                bank21       00000
__Lbank22                bank22       00000
__Lbank23                bank23       00000
__Lbank24                bank24       00000
__Lbank25                bank25       00000
__Lbank26                bank26       00000
__Lbank27                bank27       00000
__Lbank28                bank28       00000
__Lbank29                bank29       00000
__Lbank3                 bank3        00000
__Lbank30                bank30       00000
__Lbank31                bank31       00000
__Lbank4                 bank4        00000
__Lbank5                 bank5        00000
__Lbank6                 bank6        00000
__Lbank7                 bank7        00000
__Lbank8                 bank8        00000
__Lbank9                 bank9        00000
__Lbigram                bigram       00000
__LbssBANK0              bssBANK0     00000
__LbssCOMMON             bssCOMMON    00000
__Lcinit                 cinit        00000
__Lclrtext               clrtext      00000
__Lcode                  code         00000
__Lcommon                common       00000
__Lconfig                config       08007
__LcstackBANK0           cstackBANK0  00000
__LcstackCOMMON          cstackCOMMON 00000
__Leeprom_data           eeprom_data  00000
__Lend_init              end_init     00073
__Lfunctab               functab      00000
__Lidloc                 idloc        00000
__Linit                  init         00073
__Lintentry              intentry     00004
__Lmaintext              maintext     00000
__Lpowerup               powerup      00000
__Lram                   ram          00000
__Lreset_vec             reset_vec    00000
__Lsfr0                  sfr0         00000
__Lsfr1                  sfr1         00000
__Lsfr10                 sfr10        00000
__Lsfr11                 sfr11        00000
__Lsfr12                 sfr12        00000
__Lsfr13                 sfr13        00000
__Lsfr14                 sfr14        00000
__Lsfr15                 sfr15        00000
__Lsfr16                 sfr16        00000
__Lsfr17                 sfr17        00000
__Lsfr18                 sfr18        00000
__Lsfr19                 sfr19        00000
__Lsfr2                  sfr2         00000
__Lsfr20                 sfr20        00000
__Lsfr21                 sfr21        00000
__Lsfr22                 sfr22        00000
__Lsfr23                 sfr23        00000
__Lsfr24                 sfr24        00000
__Lsfr25                 sfr25        00000
__Lsfr26                 sfr26        00000
__Lsfr27                 sfr27        00000
__Lsfr28                 sfr28        00000
__Lsfr29                 sfr29        00000
__Lsfr3                  sfr3         00000
__Lsfr30                 sfr30        00000
__Lsfr31                 sfr31        00000
__Lsfr4                  sfr4         00000
__Lsfr5                  sfr5         00000
__Lsfr6                  sfr6         00000
__Lsfr7                  sfr7         00000
__Lsfr8                  sfr8         00000
__Lsfr9                  sfr9         00000
__Lstrings               strings      00000
__Ltext                  text         00000
__S0                     (abs)        08009
__S1                     (abs)        0007A
__S3                     (abs)        00000
___awdiv                 text12       00452
___awdiv@counter         cstackBANK0  0002B
___awdiv@dividend        cstackBANK0  00028
___awdiv@divisor         cstackBANK0  00026
___awdiv@quotient        cstackBANK0  0002D
___awdiv@sign            cstackBANK0  0002C
___awtoft                text11       00543
___awtoft@c              cstackBANK0  00028
___awtoft@sign           cstackBANK0  0002D
___ftadd                 text13       00074
___ftadd@exp1            cstackBANK0  00034
___ftadd@exp2            cstackBANK0  00033
___ftadd@f1              cstackBANK0  00028
___ftadd@f2              cstackBANK0  0002B
___ftadd@sign            cstackBANK0  00032
___ftdiv                 text10       00248
___ftdiv@cntr            cstackBANK0  00038
___ftdiv@exp             cstackBANK0  0003C
___ftdiv@f1              cstackBANK0  00031
___ftdiv@f2              cstackBANK0  0002E
___ftdiv@f3              cstackBANK0  00039
___ftdiv@sign            cstackBANK0  0003D
___ftneg                 text5        005C8
___ftneg@f1              cstackBANK0  00020
___ftpack                text14       003F1
___ftpack@arg            cstackBANK0  00020
___ftpack@exp            cstackBANK0  00023
___ftpack@sign           cstackBANK0  00024
___ftsub                 text4        00582
___ftsub@f1              cstackBANK0  00038
___ftsub@f2              cstackBANK0  00035
___fttol                 text3        002F0
___fttol@exp1            cstackBANK0  00042
___fttol@f1              cstackBANK0  00035
___fttol@lval            cstackBANK0  0003E
___fttol@sign1           cstackBANK0  0003D
___init                  text1        004A6
___latbits               (abs)        00000
___lwtoft                text9        0059A
___lwtoft@c              cstackBANK0  00028
___wmul                  text8        00564
___wmul@multiplicand     cstackBANK0  00022
___wmul@multiplier       cstackBANK0  00020
___wmul@product          cstackBANK0  00024
__end_of_I2CWrite        text16       005C8
__end_of___awdiv         text12       004A6
__end_of___awtoft        text11       00564
__end_of___ftadd         text13       00169
__end_of___ftdiv         text10       002F0
__end_of___ftneg         text5        005D1
__end_of___ftpack        text14       00452
__end_of___ftsub         text4        0059A
__end_of___fttol         text3        00377
__end_of___init          text1        004E5
__end_of___lwtoft        text9        005AE
__end_of___wmul          text8        00582
__end_of__initialization cinit        005B9
__end_of_calc_times      text7        00248
__end_of_isr             intentry     00073
__end_of_main            maintext     0051A
__end_of_setPWMdc        text6        00543
__end_of_simulate        text2        003F1
__initialization         cinit        005AE
__pbssBANK0              bssBANK0     0004A
__pbssCOMMON             bssCOMMON    00070
__pcstackBANK0           cstackBANK0  00020
__pcstackCOMMON          cstackCOMMON 00075
__pintentry              intentry     00004
__pmaintext              maintext     004E5
__ptext0                 text0        00000
__ptext1                 text1        004A6
__ptext10                text10       00248
__ptext11                text11       00543
__ptext12                text12       00452
__ptext13                text13       00074
__ptext14                text14       003F1
__ptext16                text16       005BB
__ptext2                 text2        00377
__ptext3                 text3        002F0
__ptext4                 text4        00582
__ptext5                 text5        005C8
__ptext6                 text6        0051A
__ptext7                 text7        00169
__ptext8                 text8        00564
__ptext9                 text9        0059A
__size_of_I2CWrite       (abs)        00000
__size_of___awdiv        (abs)        00000
__size_of___awtoft       (abs)        00000
__size_of___ftadd        (abs)        00000
__size_of___ftdiv        (abs)        00000
__size_of___ftneg        (abs)        00000
__size_of___ftpack       (abs)        00000
__size_of___ftsub        (abs)        00000
__size_of___fttol        (abs)        00000
__size_of___init         (abs)        00000
__size_of___lwtoft       (abs)        00000
__size_of___wmul         (abs)        00000
__size_of_calc_times     (abs)        00000
__size_of_isr            (abs)        00000
__size_of_main           (abs)        00000
__size_of_setPWMdc       (abs)        00000
__size_of_simulate       (abs)        00000
_buffer_valid            bssCOMMON    00072
_calc_times              text7        00169
_delta                   bssBANK0     00050
_isr                     intentry     00004
_light_peak              bssBANK0     00056
_main                    maintext     004E5
_newcmd                  bssCOMMON    00073
_peak_light_time         bssBANK0     00058
_pwmdc                   bssBANK0     00053
_rcv_buffer              bssBANK0     0004A
_rcvd_byte               bssCOMMON    00074
_setPWMdc                text6        0051A
_simulate                text2        00377
_simulated_time          bssBANK0     0005A
_sunrise_seconds         bssCOMMON    00070
_sunset_seconds          bssBANK0     0005C
btemp                    (abs)        0007E
clear_ram0               clrtext      005D1
end_of_initialization    cinit        005B9
intlevel0                functab      00000
intlevel1                functab      00000
intlevel2                functab      00000
intlevel3                functab      00000
intlevel4                functab      00000
intlevel5                functab      00000
isr@i2cStatus            cstackCOMMON 00078
isr@value                cstackCOMMON 00079
reset_vec                reset_vec    00000
setPWMdc@dc              cstackBANK0  00043
start                    init         00073
start_initialization     cinit        005AE
wtemp0                   (abs)        0007E


FUNCTION INFORMATION:

 *************** function _main *****************
 Defined at:
		line 205 in file "C:/Users/David/MPLABXProjects/PICsun2.X/PICsun_main.c"
 Parameters:    Size  Location     Type
		None
 Auto vars:     Size  Location     Type
		None
 Return value:  Size  Location     Type
                  2  134[COMMON] int 
 Registers used:
		wreg, status,2, status,0, btemp+1, pclath, cstack
 Tracked objects:
		On entry : 
		On exit  : 
		Unchanged: 
 Data sizes:     COMMON   BANK0   BANK1
      Params:         0       0       0
      Locals:         0       0       0
      Temps:          0       3       0
      Totals:         0       3       0
Total ram usage:        3 bytes
 Hardware stack levels required when called:    6
 This function calls:
		_calc_times
		_simulate
		___init
 This function is called by:
		Startup code after reset
 This function uses a non-reentrant model


 *************** function ___init *****************
 Defined at:
		line 156 in file "C:/Users/David/MPLABXProjects/PICsun2.X/PICsun_main.c"
 Parameters:    Size  Location     Type
		None
 Auto vars:     Size  Location     Type
		None
 Return value:  Size  Location     Type
		None               void
 Registers used:
		wreg, status,2, status,0
 Tracked objects:
		On entry : 
		On exit  : 
		Unchanged: 
 Data sizes:     COMMON   BANK0   BANK1
      Params:         0       0       0
      Locals:         0       0       0
      Temps:          0       3       0
      Totals:         0       3       0
Total ram usage:        3 bytes
 Hardware stack levels used:    1
 Hardware stack levels required when called:    2
 This function calls:
		Nothing
 This function is called by:
		_main
 This function uses a non-reentrant model


 *************** function _simulate *****************
 Defined at:
		line 139 in file "C:/Users/David/MPLABXProjects/PICsun2.X/PICsun_main.c"
 Parameters:    Size  Location     Type
		None
 Auto vars:     Size  Location     Type
		None
 Return value:  Size  Location     Type
		None               void
 Registers used:
		wreg, status,2, status,0, pclath, cstack
 Tracked objects:
		On entry : 
		On exit  : 
		Unchanged: 
 Data sizes:     COMMON   BANK0   BANK1
      Params:         0       0       0
      Locals:         0       0       0
      Temps:          0       0       0
      Totals:         0       0       0
Total ram usage:        0 bytes
 Hardware stack levels used:    1
 Hardware stack levels required when called:    5
 This function calls:
		_setPWMdc
		___ftadd
		___ftneg
		___ftsub
		___fttol
 This function is called by:
		_main
 This function uses a non-reentrant model


 *************** function ___fttol *****************
 Defined at:
		line 45 in file "C:\Program Files (x86)\Microchip\xc8\v1.20\sources\pic\fttol.c"
 Parameters:    Size  Location     Type
  f1              3   21[BANK0 ] float 
 Auto vars:     Size  Location     Type
  lval            4   30[BANK0 ] unsigned long 
  exp1            1   34[BANK0 ] unsigned char 
  sign1           1   29[BANK0 ] unsigned char 
 Return value:  Size  Location     Type
                  4   21[BANK0 ] long 
 Registers used:
		wreg, status,2, status,0
 Tracked objects:
		On entry : 
		On exit  : 
		Unchanged: 
 Data sizes:     COMMON   BANK0   BANK1
      Params:         0       4       0
      Locals:         0       6       0
      Temps:          0       4       0
      Totals:         0      14       0
Total ram usage:       14 bytes
 Hardware stack levels used:    1
 Hardware stack levels required when called:    2
 This function calls:
		Nothing
 This function is called by:
		_simulate
 This function uses a non-reentrant model


 *************** function ___ftsub *****************
 Defined at:
		line 17 in file "C:\Program Files (x86)\Microchip\xc8\v1.20\sources\pic\ftsub.c"
 Parameters:    Size  Location     Type
  f2              3   21[BANK0 ] float 
  f1              3   24[BANK0 ] float 
 Auto vars:     Size  Location     Type
		None
 Return value:  Size  Location     Type
                  3   21[BANK0 ] float 
 Registers used:
		wreg, status,2, status,0, pclath, cstack
 Tracked objects:
		On entry : 
		On exit  : 
		Unchanged: 
 Data sizes:     COMMON   BANK0   BANK1
      Params:         0       6       0
      Locals:         0       0       0
      Temps:          0       0       0
      Totals:         0       6       0
Total ram usage:        6 bytes
 Hardware stack levels used:    1
 Hardware stack levels required when called:    4
 This function calls:
		___ftadd
 This function is called by:
		_simulate
 This function uses a non-reentrant model


 *************** function ___ftneg *****************
 Defined at:
		line 16 in file "C:\Program Files (x86)\Microchip\xc8\v1.20\sources\pic\ftneg.c"
 Parameters:    Size  Location     Type
  f1              3    0[BANK0 ] float 
 Auto vars:     Size  Location     Type
		None
 Return value:  Size  Location     Type
                  3    0[BANK0 ] float 
 Registers used:
		wreg
 Tracked objects:
		On entry : 
		On exit  : 
		Unchanged: 
 Data sizes:     COMMON   BANK0   BANK1
      Params:         0       3       0
      Locals:         0       0       0
      Temps:          0       0       0
      Totals:         0       3       0
Total ram usage:        3 bytes
 Hardware stack levels used:    1
 Hardware stack levels required when called:    2
 This function calls:
		Nothing
 This function is called by:
		_simulate
 This function uses a non-reentrant model


 *************** function _setPWMdc *****************
 Defined at:
		line 43 in file "C:/Users/David/MPLABXProjects/PICsun2.X/PICsun_main.c"
 Parameters:    Size  Location     Type
  dc              2   35[BANK0 ] unsigned int 
 Auto vars:     Size  Location     Type
		None
 Return value:  Size  Location     Type
		None               void
 Registers used:
		wreg, status,2, status,0
 Tracked objects:
		On entry : 
		On exit  : 
		Unchanged: 
 Data sizes:     COMMON   BANK0   BANK1
      Params:         0       2       0
      Locals:         0       0       0
      Temps:          0       2       0
      Totals:         0       4       0
Total ram usage:        4 bytes
 Hardware stack levels used:    1
 Hardware stack levels required when called:    2
 This function calls:
		Nothing
 This function is called by:
		_simulate
 This function uses a non-reentrant model


 *************** function _calc_times *****************
 Defined at:
		line 124 in file "C:/Users/David/MPLABXProjects/PICsun2.X/PICsun_main.c"
 Parameters:    Size  Location     Type
		None
 Auto vars:     Size  Location     Type
		None
 Return value:  Size  Location     Type
		None               void
 Registers used:
		wreg, status,2, status,0, btemp+1, pclath, cstack
 Tracked objects:
		On entry : 
		On exit  : 
		Unchanged: 
 Data sizes:     COMMON   BANK0   BANK1
      Params:         0       0       0
      Locals:         0       0       0
      Temps:          0       6       0
      Totals:         0       6       0
Total ram usage:        6 bytes
 Hardware stack levels used:    1
 Hardware stack levels required when called:    4
 This function calls:
		___awdiv
		___awtoft
		___ftdiv
		___lwtoft
		___wmul
 This function is called by:
		_main
 This function uses a non-reentrant model


 *************** function ___wmul *****************
 Defined at:
		line 3 in file "C:\Program Files (x86)\Microchip\xc8\v1.20\sources\pic\wmul.c"
 Parameters:    Size  Location     Type
  multiplier      2    0[BANK0 ] unsigned int 
  multiplicand    2    2[BANK0 ] unsigned int 
 Auto vars:     Size  Location     Type
  product         2    4[BANK0 ] unsigned int 
 Return value:  Size  Location     Type
                  2    0[BANK0 ] unsigned int 
 Registers used:
		wreg, status,2, status,0
 Tracked objects:
		On entry : 
		On exit  : 
		Unchanged: 
 Data sizes:     COMMON   BANK0   BANK1
      Params:         0       4       0
      Locals:         0       2       0
      Temps:          0       0       0
      Totals:         0       6       0
Total ram usage:        6 bytes
 Hardware stack levels used:    1
 Hardware stack levels required when called:    2
 This function calls:
		Nothing
 This function is called by:
		_calc_times
 This function uses a non-reentrant model


 *************** function ___lwtoft *****************
 Defined at:
		line 29 in file "C:\Program Files (x86)\Microchip\xc8\v1.20\sources\pic\lwtoft.c"
 Parameters:    Size  Location     Type
  c               2    8[BANK0 ] unsigned int 
 Auto vars:     Size  Location     Type
		None
 Return value:  Size  Location     Type
                  3    8[BANK0 ] float 
 Registers used:
		wreg, status,2, status,0, pclath, cstack
 Tracked objects:
		On entry : 
		On exit  : 
		Unchanged: 
 Data sizes:     COMMON   BANK0   BANK1
      Params:         0       3       0
      Locals:         0       0       0
      Temps:          0       1       0
      Totals:         0       4       0
Total ram usage:        4 bytes
 Hardware stack levels used:    1
 Hardware stack levels required when called:    3
 This function calls:
		___ftpack
 This function is called by:
		_calc_times
 This function uses a non-reentrant model


 *************** function ___ftdiv *****************
 Defined at:
		line 50 in file "C:\Program Files (x86)\Microchip\xc8\v1.20\sources\pic\ftdiv.c"
 Parameters:    Size  Location     Type
  f2              3   14[BANK0 ] float 
  f1              3   17[BANK0 ] float 
 Auto vars:     Size  Location     Type
  f3              3   25[BANK0 ] float 
  sign            1   29[BANK0 ] unsigned char 
  exp             1   28[BANK0 ] unsigned char 
  cntr            1   24[BANK0 ] unsigned char 
 Return value:  Size  Location     Type
                  3   14[BANK0 ] float 
 Registers used:
		wreg, status,2, status,0, pclath, cstack
 Tracked objects:
		On entry : 
		On exit  : 
		Unchanged: 
 Data sizes:     COMMON   BANK0   BANK1
      Params:         0       6       0
      Locals:         0       6       0
      Temps:          0       4       0
      Totals:         0      16       0
Total ram usage:       16 bytes
 Hardware stack levels used:    1
 Hardware stack levels required when called:    3
 This function calls:
		___ftpack
 This function is called by:
		_calc_times
 This function uses a non-reentrant model


 *************** function ___awtoft *****************
 Defined at:
		line 33 in file "C:\Program Files (x86)\Microchip\xc8\v1.20\sources\pic\awtoft.c"
 Parameters:    Size  Location     Type
  c               2    8[BANK0 ] int 
 Auto vars:     Size  Location     Type
  sign            1   13[BANK0 ] unsigned char 
 Return value:  Size  Location     Type
                  3    8[BANK0 ] float 
 Registers used:
		wreg, status,2, status,0, pclath, cstack
 Tracked objects:
		On entry : 
		On exit  : 
		Unchanged: 
 Data sizes:     COMMON   BANK0   BANK1
      Params:         0       3       0
      Locals:         0       1       0
      Temps:          0       2       0
      Totals:         0       6       0
Total ram usage:        6 bytes
 Hardware stack levels used:    1
 Hardware stack levels required when called:    3
 This function calls:
		___ftpack
 This function is called by:
		_calc_times
 This function uses a non-reentrant model


 *************** function ___awdiv *****************
 Defined at:
		line 5 in file "C:\Program Files (x86)\Microchip\xc8\v1.20\sources\pic\awdiv.c"
 Parameters:    Size  Location     Type
  divisor         2    6[BANK0 ] int 
  dividend        2    8[BANK0 ] int 
 Auto vars:     Size  Location     Type
  quotient        2   13[BANK0 ] int 
  sign            1   12[BANK0 ] unsigned char 
  counter         1   11[BANK0 ] unsigned char 
 Return value:  Size  Location     Type
                  2    6[BANK0 ] int 
 Registers used:
		wreg, status,2, status,0
 Tracked objects:
		On entry : 
		On exit  : 
		Unchanged: 
 Data sizes:     COMMON   BANK0   BANK1
      Params:         0       4       0
      Locals:         0       4       0
      Temps:          0       1       0
      Totals:         0       9       0
Total ram usage:        9 bytes
 Hardware stack levels used:    1
 Hardware stack levels required when called:    2
 This function calls:
		Nothing
 This function is called by:
		_calc_times
 This function uses a non-reentrant model


 *************** function ___ftadd *****************
 Defined at:
		line 87 in file "C:\Program Files (x86)\Microchip\xc8\v1.20\sources\pic\ftadd.c"
 Parameters:    Size  Location     Type
  f1              3    8[BANK0 ] float 
  f2              3   11[BANK0 ] float 
 Auto vars:     Size  Location     Type
  exp1            1   20[BANK0 ] unsigned char 
  exp2            1   19[BANK0 ] unsigned char 
  sign            1   18[BANK0 ] unsigned char 
 Return value:  Size  Location     Type
                  3    8[BANK0 ] float 
 Registers used:
		wreg, status,2, status,0, pclath, cstack
 Tracked objects:
		On entry : 
		On exit  : 
		Unchanged: 
 Data sizes:     COMMON   BANK0   BANK1
      Params:         0       6       0
      Locals:         0       3       0
      Temps:          0       4       0
      Totals:         0      13       0
Total ram usage:       13 bytes
 Hardware stack levels used:    1
 Hardware stack levels required when called:    3
 This function calls:
		___ftpack
 This function is called by:
		_simulate
		___ftsub
 This function uses a non-reentrant model


 *************** function ___ftpack *****************
 Defined at:
		line 63 in file "C:\Program Files (x86)\Microchip\xc8\v1.20\sources\pic\float.c"
 Parameters:    Size  Location     Type
  arg             3    0[BANK0 ] unsigned um
  exp             1    3[BANK0 ] unsigned char 
  sign            1    4[BANK0 ] unsigned char 
 Auto vars:     Size  Location     Type
		None
 Return value:  Size  Location     Type
                  3    0[BANK0 ] float 
 Registers used:
		wreg, status,2, status,0
 Tracked objects:
		On entry : 
		On exit  : 
		Unchanged: 
 Data sizes:     COMMON   BANK0   BANK1
      Params:         0       5       0
      Locals:         0       0       0
      Temps:          0       3       0
      Totals:         0       8       0
Total ram usage:        8 bytes
 Hardware stack levels used:    1
 Hardware stack levels required when called:    2
 This function calls:
		Nothing
 This function is called by:
		___awtoft
		___ftadd
		___ftdiv
		___lwtoft
 This function uses a non-reentrant model


 *************** function _isr *****************
 Defined at:
		line 58 in file "C:/Users/David/MPLABXProjects/PICsun2.X/PICsun_main.c"
 Parameters:    Size  Location     Type
		None
 Auto vars:     Size  Location     Type
  value           1    4[COMMON] unsigned char 
  i2cStatus       1    3[COMMON] unsigned char 
 Return value:  Size  Location     Type
		None               void
 Registers used:
		wreg, fsr0l, fsr0h, fsr1l, fsr1h, status,2, status,0, pclath, cstack
 Tracked objects:
		On entry : 
		On exit  : 
		Unchanged: 
 Data sizes:     COMMON   BANK0   BANK1
      Params:         0       0       0
      Locals:         2       0       0
      Temps:          2       0       0
      Totals:         4       0       0
Total ram usage:        4 bytes
 Hardware stack levels used:    1
 Hardware stack levels required when called:    1
 This function calls:
		_I2CWrite
 This function is called by:
		Interrupt level 1
 This function uses a non-reentrant model


 *************** function _I2CWrite *****************
 Defined at:
		line 49 in file "C:/Users/David/MPLABXProjects/PICsun2.X/PICsun_main.c"
 Parameters:    Size  Location     Type
  data            1    wreg     unsigned char 
 Auto vars:     Size  Location     Type
  data            1    0[COMMON] unsigned char 
 Return value:  Size  Location     Type
		None               void
 Registers used:
		wreg
 Tracked objects:
		On entry : 
		On exit  : 
		Unchanged: 
 Data sizes:     COMMON   BANK0   BANK1
      Params:         0       0       0
      Locals:         1       0       0
      Temps:          0       0       0
      Totals:         1       0       0
Total ram usage:        1 bytes
 Hardware stack levels used:    1
 This function calls:
		Nothing
 This function is called by:
		_isr
 This function uses a non-reentrant model



MODULE INFORMATION

Module		Function		Class		Link	Load	Size
C:\Program Files (x86)\Microchip\xc8\v1.20\sources\pic\awtoft.c
		___awtoft      		CODE           	0543	0000	33

C:\Program Files (x86)\Microchip\xc8\v1.20\sources\pic\awtoft.c estimated size: 33

C:\Program Files (x86)\Microchip\xc8\v1.20\sources\pic\awdiv.c
		___awdiv       		CODE           	0452	0000	84

C:\Program Files (x86)\Microchip\xc8\v1.20\sources\pic\awdiv.c estimated size: 84

C:\Program Files (x86)\Microchip\xc8\v1.20\sources\pic\ftadd.c
		___ftadd       		CODE           	0074	0000	245

C:\Program Files (x86)\Microchip\xc8\v1.20\sources\pic\ftadd.c estimated size: 245

C:\Program Files (x86)\Microchip\xc8\v1.20\sources\pic\lwtoft.c
		___lwtoft      		CODE           	059A	0000	20

C:\Program Files (x86)\Microchip\xc8\v1.20\sources\pic\lwtoft.c estimated size: 20

C:\Program Files (x86)\Microchip\xc8\v1.20\sources\pic\float.c
		___ftpack      		CODE           	03F1	0000	97

C:\Program Files (x86)\Microchip\xc8\v1.20\sources\pic\float.c estimated size: 97

shared
		__initializatio		CODE           	05AE	0000	11

shared estimated size: 11

C:\Program Files (x86)\Microchip\xc8\v1.20\sources\pic\wmul.c
		___wmul        		CODE           	0564	0000	30

C:\Program Files (x86)\Microchip\xc8\v1.20\sources\pic\wmul.c estimated size: 30

C:\Program Files (x86)\Microchip\xc8\v1.20\sources\pic\ftdiv.c
		___ftdiv       		CODE           	0248	0000	168

C:\Program Files (x86)\Microchip\xc8\v1.20\sources\pic\ftdiv.c estimated size: 168

C:\Program Files (x86)\Microchip\xc8\v1.20\sources\pic\ftsub.c
		___ftsub       		CODE           	0582	0000	24

C:\Program Files (x86)\Microchip\xc8\v1.20\sources\pic\ftsub.c estimated size: 24

C:\Program Files (x86)\Microchip\xc8\v1.20\sources\pic\ftneg.c
		___ftneg       		CODE           	05C8	0000	9

C:\Program Files (x86)\Microchip\xc8\v1.20\sources\pic\ftneg.c estimated size: 9

C:/Users/David/MPLABXProjects/PICsun2.X/PICsun_main.c
		_simulate      		CODE           	0377	0000	122
		___init        		CODE           	04A6	0000	63
		_main          		CODE           	04E5	0000	53
		_isr           		CODE           	0004	0000	111
		_setPWMdc      		CODE           	051A	0000	41
		_I2CWrite      		CODE           	05BB	0000	13
		_calc_times    		CODE           	0169	0000	223

C:/Users/David/MPLABXProjects/PICsun2.X/PICsun_main.c estimated size: 626

C:\Program Files (x86)\Microchip\xc8\v1.20\sources\pic\fttol.c
		___fttol       		CODE           	02F0	0000	135

C:\Program Files (x86)\Microchip\xc8\v1.20\sources\pic\fttol.c estimated size: 135

