Microchip MPLAB XC8 Compiler V1.20 ()

Linker command line:

--edf=C:\Program Files (x86)\Microchip\xc8\v1.20\dat\en_msgs.txt -cs \
  -h+dist/default/debug\PICsun2.X.debug.sym \
  --cmf=dist/default/debug\PICsun2.X.debug.cmf -z -Q12F1822 \
  -oC:\Users\David\AppData\Local\Temp\s6gs.6 \
  -Mdist/default/debug/PICsun2.X.debug.map -E1 -ver=XC8 -ACONST=00h-0FFhx8 \
  -ACODE=00h-07FFh -ASTRCODE=00h-07FFh -AENTRY=00h-0FFhx8 \
  -ASTRING=00h-0FFhx8 -ACOMMON=070h-07Fh -ABANK0=020h-06Fh \
  -ABANK1=0A0h-0BFh -ABIGRAM=02000h-0206Fh -ARAM=020h-06Fh,0A0h-0BFh \
  -AABS1=020h-07Fh,0A0h-0BFh -ASFR0=00h-01Fh -ASFR1=080h-09Fh \
  -ASFR2=0100h-016Fh -ASFR3=0180h-01EFh -ASFR4=0200h-026Fh \
  -ASFR5=0280h-02EFh -ASFR6=0300h-036Fh -ASFR7=0380h-03EFh \
  -ASFR8=0400h-046Fh -ASFR9=0480h-04EFh -ASFR10=0500h-056Fh \
  -ASFR11=0580h-05EFh -ASFR12=0600h-066Fh -ASFR13=0680h-06EFh \
  -ASFR14=0700h-076Fh -ASFR15=0780h-07EFh -ASFR16=0800h-086Fh \
  -ASFR17=0880h-08EFh -ASFR18=0900h-096Fh -ASFR19=0980h-09EFh \
  -ASFR20=0A00h-0A6Fh -ASFR21=0A80h-0AEFh -ASFR22=0B00h-0B6Fh \
  -ASFR23=0B80h-0BEFh -ASFR24=0C00h-0C6Fh -ASFR25=0C80h-0CEFh \
  -ASFR26=0D00h-0D6Fh -ASFR27=0D80h-0DEFh -ASFR28=0E00h-0E6Fh \
  -ASFR29=0E80h-0EEFh -ASFR30=0F00h-0F6Fh -ASFR31=0F80h-0FEFh \
  -preset_vec=00h,intentry=04h,init,end_init -ppowerup=CODE -pfunctab=CODE \
  -ACONFIG=08007h-08008h -pconfig=CONFIG -DCONFIG=2 -AIDLOC=08000h-08003h \
  -pidloc=IDLOC -DIDLOC=2 -AEEDATA=00h-0FFh/0F000h -peeprom_data=EEDATA \
  -DEEDATA=2 -DCODE=2 -DSTRCODE=2 -DSTRING=2 -DCONST=2 -DENTRY=2 -k \
  C:\Users\David\AppData\Local\Temp\s6gs.obj \
  dist/default/debug\PICsun2.X.debug.obj 

Object code version is 3.11

Machine type is 12F1822



                Name                               Link     Load   Length Selector   Space Scale
C:\Users\David\AppData\Local\Temp\s6gs.obj
                end_init                             7C       7C        1        8       0
                reset_vec                             0        0        1        0       0
                config                             8007     8007        2    1000E       0
dist/default/debug\PICsun2.X.debug.obj
                intentry                              4        4       78        8       0
                text11                              3C5      3C5        D        8       0
                text9                               28E      28E       53        8       0
                text8                               385      385       1E        8       0
                text7                                7D       7D       E8        8       0
                text6                               367      367       1E        8       0
                text5                               20B      20B       83        8       0
                text4                               165      165       A6        8       0
                text3                               344      344       23        8       0
                text2                               3B6      3B6        F        8       0
                text1                               2E1      2E1       38        8       0
                maintext                            319      319       2B        8       0
                cstackBANK0                          20       20       2B       20       1
                cstackCOMMON                         75       75        5       70       1
                clrtext                             3D2      3D2        6        8       0
                bssBANK1                             A0       A0       20       A0       1
                bssBANK0                             4B       4B        A       20       1
                bssCOMMON                            70       70        5       70       1
                cinit                               3A3      3A3       13        8       0

TOTAL           Name                               Link     Load   Length     Space
        CLASS   CONST          

        CLASS   CODE           
                end_init                             7C       7C        1         0
                intentry                              4        4       78         0
                reset_vec                             0        0        1         0
                text11                              3C5      3C5        D         0
                text9                               28E      28E       53         0
                text8                               385      385       1E         0
                text7                                7D       7D       E8         0
                text6                               367      367       1E         0
                text5                               20B      20B       83         0
                text4                               165      165       A6         0
                text3                               344      344       23         0
                text2                               3B6      3B6        F         0
                text1                               2E1      2E1       38         0
                maintext                            319      319       2B         0
                clrtext                             3D2      3D2        6         0
                cinit                               3A3      3A3       13         0

        CLASS   STRCODE        

        CLASS   ENTRY          

        CLASS   STRING         

        CLASS   COMMON         
                cstackCOMMON                         75       75        5         1
                bssCOMMON                            70       70        5         1

        CLASS   BANK0          
                cstackBANK0                          20       20       2B         1
                bssBANK0                             4B       4B        A         1

        CLASS   BANK1          
                bssBANK1                             A0       A0       20         1

        CLASS   BIGRAM         

        CLASS   RAM            

        CLASS   ABS1           
                abs_s1                               7E       7E        2         1

        CLASS   SFR0           

        CLASS   SFR1           

        CLASS   SFR2           

        CLASS   SFR3           

        CLASS   SFR4           

        CLASS   SFR5           

        CLASS   SFR6           

        CLASS   SFR7           

        CLASS   SFR8           

        CLASS   SFR9           

        CLASS   SFR10          

        CLASS   SFR11          

        CLASS   SFR12          

        CLASS   SFR13          

        CLASS   SFR14          

        CLASS   SFR15          

        CLASS   SFR16          

        CLASS   SFR17          

        CLASS   SFR18          

        CLASS   SFR19          

        CLASS   SFR20          

        CLASS   SFR21          

        CLASS   SFR22          

        CLASS   SFR23          

        CLASS   SFR24          

        CLASS   SFR25          

        CLASS   SFR26          

        CLASS   SFR27          

        CLASS   SFR28          

        CLASS   SFR29          

        CLASS   SFR30          

        CLASS   SFR31          

        CLASS   CONFIG         
                config                             8007     8007        2         0

        CLASS   IDLOC          

        CLASS   EEDATA         

        CLASS   BANK31         

        CLASS   BANK30         

        CLASS   BANK29         

        CLASS   BANK28         

        CLASS   BANK27         

        CLASS   BANK26         

        CLASS   BANK25         

        CLASS   BANK24         

        CLASS   BANK23         

        CLASS   BANK22         

        CLASS   BANK21         

        CLASS   BANK20         

        CLASS   BANK19         

        CLASS   BANK18         

        CLASS   BANK17         

        CLASS   BANK16         

        CLASS   BANK15         

        CLASS   BANK14         

        CLASS   BANK13         

        CLASS   BANK12         

        CLASS   BANK11         

        CLASS   BANK10         

        CLASS   BANK9          

        CLASS   BANK8          

        CLASS   BANK7          

        CLASS   BANK6          

        CLASS   BANK5          

        CLASS   BANK4          

        CLASS   BANK3          

        CLASS   BANK2          



SEGMENTS        Name                           Load    Length   Top    Selector   Space  Class     Delta

                reset_vec                      000000  000001  000001         0       0  CODE        2
                intentry                       000004  0003D4  0003D8         8       0  CODE        2
                cstackBANK0                    000020  000035  000055        20       1  BANK0       1
                bssCOMMON                      000070  00000A  00007A        70       1  COMMON      1
                bssBANK1                       0000A0  000020  0000C0        A0       1  BANK1       1
                config                         008007  000002  008009     1000E       0  CONFIG      2


UNUSED ADDRESS RANGES

        Name                Unused          Largest block    Delta
        BANK0            00055-0006F              1B           1
        BIGRAM           02000-0206F              70           1
        CODE             00001-00003               3           2
                         003D8-007FF             428
        COMMON           0007A-0007D               4           1
        CONST            00001-00003               3           2
                         003D8-007FF             100
        EEDATA           0F000-0F0FF             100           2
        ENTRY            00001-00003               3           2
                         003D8-007FF             100
        IDLOC            08000-08003               4           2
        RAM              00055-0006F              1B           1
        SFR0             00000-0001F              20           1
        SFR1             00080-0009F              20           1
        SFR10            00500-0056F              70           1
        SFR11            00580-005EF              70           1
        SFR12            00600-0066F              70           1
        SFR13            00680-006EF              70           1
        SFR14            00700-0076F              70           1
        SFR15            00780-007EF              70           1
        SFR16            00800-0086F              70           1
        SFR17            00880-008EF              70           1
        SFR18            00900-0096F              70           1
        SFR19            00980-009EF              70           1
        SFR2             00100-0016F              70           1
        SFR20            00A00-00A6F              70           1
        SFR21            00A80-00AEF              70           1
        SFR22            00B00-00B6F              70           1
        SFR23            00B80-00BEF              70           1
        SFR24            00C00-00C6F              70           1
        SFR25            00C80-00CEF              70           1
        SFR26            00D00-00D6F              70           1
        SFR27            00D80-00DEF              70           1
        SFR28            00E00-00E6F              70           1
        SFR29            00E80-00EEF              70           1
        SFR3             00180-001EF              70           1
        SFR30            00F00-00F6F              70           1
        SFR31            00F80-00FEF              70           1
        SFR4             00200-0026F              70           1
        SFR5             00280-002EF              70           1
        SFR6             00300-0036F              70           1
        SFR7             00380-003EF              70           1
        SFR8             00400-0046F              70           1
        SFR9             00480-004EF              70           1
        STRCODE          00001-00003               3           2
                         003D8-007FF             428
        STRING           00001-00003               3           2
                         003D8-007FF             100

                                  Symbol Table

?___lldiv                   cstackBANK0  00020
?___wmul                    cstackBANK0  00020
?_check_segment             cstackBANK0  00020
?_delay_ms                  cstackBANK0  00020
?_ready_pwm                 cstackBANK0  00024
?_setPWMdc                  cstackBANK0  00020
I2CWrite@data               cstackCOMMON 00075
_ANSELA                     (abs)        0018C
_APFCONbits                 (abs)        0011D
_BF                         (abs)        010A0
_CCP1CON                    (abs)        00293
_CCP1CONbits                (abs)        00293
_CCPR1L                     (abs)        00291
_CKP                        (abs)        010AC
_I2CWrite                   text11       003C5
_INTCONbits                 (abs)        0000B
_LATA                       (abs)        0010C
_OPTION_REG                 (abs)        00095
_OSCCONbits                 (abs)        00099
_PIE1bits                   (abs)        00091
_PIR1bits                   (abs)        00011
_PR2                        (abs)        0001B
_SEN                        (abs)        010B0
_SSP1ADD                    (abs)        00212
_SSP1BUF                    (abs)        00211
_SSP1CON1                   (abs)        00215
_SSP1CON2bits               (abs)        00216
_SSP1IF                     (abs)        0008B
_SSPBUF                     (abs)        00211
_SSPOV                      (abs)        010AE
_SSPSTAT                    (abs)        00214
_T2CONbits                  (abs)        0001C
_TMR0                       (abs)        00015
_TMR0IE                     (abs)        0005D
_TMR0IF                     (abs)        0005A
_TRISAbits                  (abs)        0008C
_WCOL                       (abs)        010AF
_WPUA                       (abs)        0020C
__CFG_BOREN$OFF             (abs)        00000
__CFG_BORV$LO               (abs)        00000
__CFG_CLKOUTEN$OFF          (abs)        00000
__CFG_CP$OFF                (abs)        00000
__CFG_CPD$OFF               (abs)        00000
__CFG_FCMEN$OFF             (abs)        00000
__CFG_FOSC$INTOSC           (abs)        00000
__CFG_IESO$OFF              (abs)        00000
__CFG_LVP$OFF               (abs)        00000
__CFG_MCLRE$OFF             (abs)        00000
__CFG_PLLEN$OFF             (abs)        00000
__CFG_STVREN$ON             (abs)        00000
__CFG_WDTE$OFF              (abs)        00000
__CFG_WRT$OFF               (abs)        00000
__Habs1                     abs1         00000
__Hbank0                    bank0        00000
__Hbank1                    bank1        00000
__Hbank10                   bank10       00000
__Hbank11                   bank11       00000
__Hbank12                   bank12       00000
__Hbank13                   bank13       00000
__Hbank14                   bank14       00000
__Hbank15                   bank15       00000
__Hbank16                   bank16       00000
__Hbank17                   bank17       00000
__Hbank18                   bank18       00000
__Hbank19                   bank19       00000
__Hbank2                    bank2        00000
__Hbank20                   bank20       00000
__Hbank21                   bank21       00000
__Hbank22                   bank22       00000
__Hbank23                   bank23       00000
__Hbank24                   bank24       00000
__Hbank25                   bank25       00000
__Hbank26                   bank26       00000
__Hbank27                   bank27       00000
__Hbank28                   bank28       00000
__Hbank29                   bank29       00000
__Hbank3                    bank3        00000
__Hbank30                   bank30       00000
__Hbank31                   bank31       00000
__Hbank4                    bank4        00000
__Hbank5                    bank5        00000
__Hbank6                    bank6        00000
__Hbank7                    bank7        00000
__Hbank8                    bank8        00000
__Hbank9                    bank9        00000
__Hbigram                   bigram       00000
__HbssBANK0                 bssBANK0     00000
__HbssBANK1                 bssBANK1     00000
__HbssCOMMON                bssCOMMON    00000
__Hcinit                    cinit        00000
__Hclrtext                  clrtext      00000
__Hcode                     code         00000
__Hcommon                   common       00000
__Hconfig                   config       08009
__HcstackBANK0              cstackBANK0  00000
__HcstackCOMMON             cstackCOMMON 00000
__Heeprom_data              eeprom_data  00000
__Hend_init                 end_init     0007D
__Hfunctab                  functab      00000
__Hidloc                    idloc        00000
__Hinit                     init         0007C
__Hintentry                 intentry     0007C
__Hmaintext                 maintext     00000
__Hpowerup                  powerup      00000
__Hram                      ram          00000
__Hreset_vec                reset_vec    00001
__Hsfr0                     sfr0         00000
__Hsfr1                     sfr1         00000
__Hsfr10                    sfr10        00000
__Hsfr11                    sfr11        00000
__Hsfr12                    sfr12        00000
__Hsfr13                    sfr13        00000
__Hsfr14                    sfr14        00000
__Hsfr15                    sfr15        00000
__Hsfr16                    sfr16        00000
__Hsfr17                    sfr17        00000
__Hsfr18                    sfr18        00000
__Hsfr19                    sfr19        00000
__Hsfr2                     sfr2         00000
__Hsfr20                    sfr20        00000
__Hsfr21                    sfr21        00000
__Hsfr22                    sfr22        00000
__Hsfr23                    sfr23        00000
__Hsfr24                    sfr24        00000
__Hsfr25                    sfr25        00000
__Hsfr26                    sfr26        00000
__Hsfr27                    sfr27        00000
__Hsfr28                    sfr28        00000
__Hsfr29                    sfr29        00000
__Hsfr3                     sfr3         00000
__Hsfr30                    sfr30        00000
__Hsfr31                    sfr31        00000
__Hsfr4                     sfr4         00000
__Hsfr5                     sfr5         00000
__Hsfr6                     sfr6         00000
__Hsfr7                     sfr7         00000
__Hsfr8                     sfr8         00000
__Hsfr9                     sfr9         00000
__Hstrings                  strings      00000
__Htext                     text         00000
__Labs1                     abs1         00000
__Lbank0                    bank0        00000
__Lbank1                    bank1        00000
__Lbank10                   bank10       00000
__Lbank11                   bank11       00000
__Lbank12                   bank12       00000
__Lbank13                   bank13       00000
__Lbank14                   bank14       00000
__Lbank15                   bank15       00000
__Lbank16                   bank16       00000
__Lbank17                   bank17       00000
__Lbank18                   bank18       00000
__Lbank19                   bank19       00000
__Lbank2                    bank2        00000
__Lbank20                   bank20       00000
__Lbank21                   bank21       00000
__Lbank22                   bank22       00000
__Lbank23                   bank23       00000
__Lbank24                   bank24       00000
__Lbank25                   bank25       00000
__Lbank26                   bank26       00000
__Lbank27                   bank27       00000
__Lbank28                   bank28       00000
__Lbank29                   bank29       00000
__Lbank3                    bank3        00000
__Lbank30                   bank30       00000
__Lbank31                   bank31       00000
__Lbank4                    bank4        00000
__Lbank5                    bank5        00000
__Lbank6                    bank6        00000
__Lbank7                    bank7        00000
__Lbank8                    bank8        00000
__Lbank9                    bank9        00000
__Lbigram                   bigram       00000
__LbssBANK0                 bssBANK0     00000
__LbssBANK1                 bssBANK1     00000
__LbssCOMMON                bssCOMMON    00000
__Lcinit                    cinit        00000
__Lclrtext                  clrtext      00000
__Lcode                     code         00000
__Lcommon                   common       00000
__Lconfig                   config       08007
__LcstackBANK0              cstackBANK0  00000
__LcstackCOMMON             cstackCOMMON 00000
__Leeprom_data              eeprom_data  00000
__Lend_init                 end_init     0007C
__Lfunctab                  functab      00000
__Lidloc                    idloc        00000
__Linit                     init         0007C
__Lintentry                 intentry     00004
__Lmaintext                 maintext     00000
__Lpowerup                  powerup      00000
__Lram                      ram          00000
__Lreset_vec                reset_vec    00000
__Lsfr0                     sfr0         00000
__Lsfr1                     sfr1         00000
__Lsfr10                    sfr10        00000
__Lsfr11                    sfr11        00000
__Lsfr12                    sfr12        00000
__Lsfr13                    sfr13        00000
__Lsfr14                    sfr14        00000
__Lsfr15                    sfr15        00000
__Lsfr16                    sfr16        00000
__Lsfr17                    sfr17        00000
__Lsfr18                    sfr18        00000
__Lsfr19                    sfr19        00000
__Lsfr2                     sfr2         00000
__Lsfr20                    sfr20        00000
__Lsfr21                    sfr21        00000
__Lsfr22                    sfr22        00000
__Lsfr23                    sfr23        00000
__Lsfr24                    sfr24        00000
__Lsfr25                    sfr25        00000
__Lsfr26                    sfr26        00000
__Lsfr27                    sfr27        00000
__Lsfr28                    sfr28        00000
__Lsfr29                    sfr29        00000
__Lsfr3                     sfr3         00000
__Lsfr30                    sfr30        00000
__Lsfr31                    sfr31        00000
__Lsfr4                     sfr4         00000
__Lsfr5                     sfr5         00000
__Lsfr6                     sfr6         00000
__Lsfr7                     sfr7         00000
__Lsfr8                     sfr8         00000
__Lsfr9                     sfr9         00000
__Lstrings                  strings      00000
__Ltext                     text         00000
__S0                        (abs)        08009
__S1                        (abs)        000C0
__S3                        (abs)        00000
___init                     text1        002E1
___latbits                  (abs)        00000
___lldiv                    text9        0028E
___lldiv@counter            cstackBANK0  0002D
___lldiv@dividend           cstackBANK0  00024
___lldiv@divisor            cstackBANK0  00020
___lldiv@quotient           cstackBANK0  00029
___wmul                     text8        00385
___wmul@multiplicand        cstackBANK0  00022
___wmul@multiplier          cstackBANK0  00020
___wmul@product             cstackBANK0  00024
__end_of_I2CWrite           text11       003D2
__end_of___init             text1        00319
__end_of___lldiv            text9        002E1
__end_of___wmul             text8        003A3
__end_of__initialization    cinit        003B4
__end_of_calc_times         text7        00165
__end_of_check_segment      text4        0020B
__end_of_delay_ms           text2        003C5
__end_of_isr                intentry     0007C
__end_of_main               maintext     00344
__end_of_ready_pwm          text5        0028E
__end_of_setPWMdc           text6        00385
__end_of_simulate           text3        00367
__initialization            cinit        003A3
__pbssBANK0                 bssBANK0     0004B
__pbssBANK1                 bssBANK1     000A0
__pbssCOMMON                bssCOMMON    00070
__pcstackBANK0              cstackBANK0  00020
__pcstackCOMMON             cstackCOMMON 00075
__pintentry                 intentry     00004
__pmaintext                 maintext     00319
__ptext0                    text0        00000
__ptext1                    text1        002E1
__ptext11                   text11       003C5
__ptext2                    text2        003B6
__ptext3                    text3        00344
__ptext4                    text4        00165
__ptext5                    text5        0020B
__ptext6                    text6        00367
__ptext7                    text7        0007D
__ptext8                    text8        00385
__ptext9                    text9        0028E
__size_of_I2CWrite          (abs)        00000
__size_of___init            (abs)        00000
__size_of___lldiv           (abs)        00000
__size_of___wmul            (abs)        00000
__size_of_calc_times        (abs)        00000
__size_of_check_segment     (abs)        00000
__size_of_delay_ms          (abs)        00000
__size_of_isr               (abs)        00000
__size_of_main              (abs)        00000
__size_of_ready_pwm         (abs)        00000
__size_of_setPWMdc          (abs)        00000
__size_of_simulate          (abs)        00000
_buffer_valid               bssCOMMON    00072
_calc_times                 text7        0007D
_check_segment              text4        00165
_delay_ms                   text2        003B6
_isr                        intentry     00004
_light_segments             bssBANK1     000A0
_main                       maintext     00319
_msec                       bssCOMMON    00070
_newcmd                     bssCOMMON    00073
_present_segment            bssBANK0     00051
_rcv_buffer                 bssBANK0     0004B
_rcvd_byte                  bssCOMMON    00074
_ready_pwm                  text5        0020B
_real_time                  bssBANK0     00053
_setPWMdc                   text6        00367
_simulate                   text3        00344
btemp                       (abs)        0007E
calc_times@i                cstackBANK0  00048
calc_times@light_time       cstackBANK0  0003C
calc_times@segment_duration cstackBANK0  00040
calc_times@sunrise_seconds  cstackBANK0  00044
calc_times@sunset_seconds   cstackBANK0  00038
check_segment@check_time    cstackBANK0  00020
check_segment@i             cstackBANK0  00024
clear_ram0                  clrtext      003D2
delay_ms@ms                 cstackBANK0  00020
end_of_initialization       cinit        003B4
intlevel0                   functab      00000
intlevel1                   functab      00000
intlevel2                   functab      00000
intlevel3                   functab      00000
intlevel4                   functab      00000
intlevel5                   functab      00000
isr@i2cStatus               cstackCOMMON 00078
isr@value                   cstackCOMMON 00079
ready_pwm@segment           cstackBANK0  00024
reset_vec                   reset_vec    00000
setPWMdc@dc                 cstackBANK0  00020
simulate@simulation_time    cstackBANK0  00026
start                       init         0007C
start_initialization        cinit        003A3
wtemp0                      (abs)        0007E


FUNCTION INFORMATION:

 *************** function _main *****************
 Defined at:
		line 268 in file "C:/Users/David/MPLABXProjects/PICsun2.X/PICsun_main.c"
 Parameters:    Size  Location     Type
		None
 Auto vars:     Size  Location     Type
		None
 Return value:  Size  Location     Type
                  2  168[COMMON] int 
 Registers used:
		wreg, fsr1l, fsr1h, status,2, status,0, btemp+1, pclath, cstack
 Tracked objects:
		On entry : 
		On exit  : 
		Unchanged: 
 Data sizes:     COMMON   BANK0   BANK1
      Params:         0       0       0
      Locals:         0       0       0
      Temps:          0       1       0
      Totals:         0       1       0
Total ram usage:        1 bytes
 Hardware stack levels required when called:    5
 This function calls:
		_delay_ms
		_calc_times
		_simulate
		___init
 This function is called by:
		Startup code after reset
 This function uses a non-reentrant model


 *************** function ___init *****************
 Defined at:
		line 218 in file "C:/Users/David/MPLABXProjects/PICsun2.X/PICsun_main.c"
 Parameters:    Size  Location     Type
		None
 Auto vars:     Size  Location     Type
		None
 Return value:  Size  Location     Type
		None               void
 Registers used:
		wreg, status,2, status,0, pclath, cstack
 Tracked objects:
		On entry : 
		On exit  : 
		Unchanged: 
 Data sizes:     COMMON   BANK0   BANK1
      Params:         0       0       0
      Locals:         0       0       0
      Temps:          0       0       0
      Totals:         0       0       0
Total ram usage:        0 bytes
 Hardware stack levels used:    1
 Hardware stack levels required when called:    3
 This function calls:
		_delay_ms
 This function is called by:
		_main
 This function uses a non-reentrant model


 *************** function _delay_ms *****************
 Defined at:
		line 36 in file "C:/Users/David/MPLABXProjects/PICsun2.X/PICsun_main.c"
 Parameters:    Size  Location     Type
  ms              2    0[BANK0 ] unsigned int 
 Auto vars:     Size  Location     Type
		None
 Return value:  Size  Location     Type
		None               void
 Registers used:
		wreg, status,2
 Tracked objects:
		On entry : 
		On exit  : 
		Unchanged: 
 Data sizes:     COMMON   BANK0   BANK1
      Params:         0       2       0
      Locals:         0       0       0
      Temps:          0       0       0
      Totals:         0       2       0
Total ram usage:        2 bytes
 Hardware stack levels used:    1
 Hardware stack levels required when called:    2
 This function calls:
		Nothing
 This function is called by:
		___init
		_main
 This function uses a non-reentrant model


 *************** function _simulate *****************
 Defined at:
		line 211 in file "C:/Users/David/MPLABXProjects/PICsun2.X/PICsun_main.c"
 Parameters:    Size  Location     Type
		None
 Auto vars:     Size  Location     Type
  simulation_t    2    6[BANK0 ] int 
 Return value:  Size  Location     Type
		None               void
 Registers used:
		wreg, fsr1l, fsr1h, status,2, status,0, btemp+1, pclath, cstack
 Tracked objects:
		On entry : 
		On exit  : 
		Unchanged: 
 Data sizes:     COMMON   BANK0   BANK1
      Params:         0       0       0
      Locals:         0       2       0
      Temps:          0       0       0
      Totals:         0       2       0
Total ram usage:        2 bytes
 Hardware stack levels used:    1
 Hardware stack levels required when called:    4
 This function calls:
		_ready_pwm
		_check_segment
		___wmul
 This function is called by:
		_main
 This function uses a non-reentrant model


 *************** function _check_segment *****************
 Defined at:
		line 190 in file "C:/Users/David/MPLABXProjects/PICsun2.X/PICsun_main.c"
 Parameters:    Size  Location     Type
  check_time      2    0[BANK0 ] int 
 Auto vars:     Size  Location     Type
  i               2    4[BANK0 ] int 
 Return value:  Size  Location     Type
		None               void
 Registers used:
		wreg, fsr1l, fsr1h, status,2, status,0, btemp+1
 Tracked objects:
		On entry : 
		On exit  : 
		Unchanged: 
 Data sizes:     COMMON   BANK0   BANK1
      Params:         0       2       0
      Locals:         0       2       0
      Temps:          0       2       0
      Totals:         0       6       0
Total ram usage:        6 bytes
 Hardware stack levels used:    1
 Hardware stack levels required when called:    2
 This function calls:
		Nothing
 This function is called by:
		_simulate
 This function uses a non-reentrant model


 *************** function _ready_pwm *****************
 Defined at:
		line 153 in file "C:/Users/David/MPLABXProjects/PICsun2.X/PICsun_main.c"
 Parameters:    Size  Location     Type
  segment         2    4[BANK0 ] int 
 Auto vars:     Size  Location     Type
		None
 Return value:  Size  Location     Type
		None               void
 Registers used:
		wreg, status,2, status,0, pclath, cstack
 Tracked objects:
		On entry : 
		On exit  : 
		Unchanged: 
 Data sizes:     COMMON   BANK0   BANK1
      Params:         0       2       0
      Locals:         0       0       0
      Temps:          0       0       0
      Totals:         0       2       0
Total ram usage:        2 bytes
 Hardware stack levels used:    1
 Hardware stack levels required when called:    3
 This function calls:
		_setPWMdc
 This function is called by:
		_simulate
 This function uses a non-reentrant model


 *************** function _setPWMdc *****************
 Defined at:
		line 43 in file "C:/Users/David/MPLABXProjects/PICsun2.X/PICsun_main.c"
 Parameters:    Size  Location     Type
  dc              2    0[BANK0 ] unsigned int 
 Auto vars:     Size  Location     Type
		None
 Return value:  Size  Location     Type
		None               void
 Registers used:
		wreg, status,2, status,0
 Tracked objects:
		On entry : 
		On exit  : 
		Unchanged: 
 Data sizes:     COMMON   BANK0   BANK1
      Params:         0       2       0
      Locals:         0       0       0
      Temps:          0       2       0
      Totals:         0       4       0
Total ram usage:        4 bytes
 Hardware stack levels used:    1
 Hardware stack levels required when called:    2
 This function calls:
		Nothing
 This function is called by:
		_ready_pwm
 This function uses a non-reentrant model


 *************** function _calc_times *****************
 Defined at:
		line 130 in file "C:/Users/David/MPLABXProjects/PICsun2.X/PICsun_main.c"
 Parameters:    Size  Location     Type
		None
 Auto vars:     Size  Location     Type
  sunrise_seco    4   36[BANK0 ] long 
  segment_dura    4   32[BANK0 ] unsigned long 
  light_time      4   28[BANK0 ] unsigned long 
  sunset_secon    4   24[BANK0 ] long 
  i               2   40[BANK0 ] int 
 Return value:  Size  Location     Type
		None               void
 Registers used:
		wreg, fsr1l, fsr1h, status,2, status,0, btemp+1, pclath, cstack
 Tracked objects:
		On entry : 
		On exit  : 
		Unchanged: 
 Data sizes:     COMMON   BANK0   BANK1
      Params:         0       0       0
      Locals:         0      18       0
      Temps:          0      10       0
      Totals:         0      28       0
Total ram usage:       28 bytes
 Hardware stack levels used:    1
 Hardware stack levels required when called:    3
 This function calls:
		___lldiv
		___wmul
 This function is called by:
		_main
 This function uses a non-reentrant model


 *************** function ___wmul *****************
 Defined at:
		line 3 in file "C:\Program Files (x86)\Microchip\xc8\v1.20\sources\pic\wmul.c"
 Parameters:    Size  Location     Type
  multiplier      2    0[BANK0 ] unsigned int 
  multiplicand    2    2[BANK0 ] unsigned int 
 Auto vars:     Size  Location     Type
  product         2    4[BANK0 ] unsigned int 
 Return value:  Size  Location     Type
                  2    0[BANK0 ] unsigned int 
 Registers used:
		wreg, status,2, status,0
 Tracked objects:
		On entry : 
		On exit  : 
		Unchanged: 
 Data sizes:     COMMON   BANK0   BANK1
      Params:         0       4       0
      Locals:         0       2       0
      Temps:          0       0       0
      Totals:         0       6       0
Total ram usage:        6 bytes
 Hardware stack levels used:    1
 Hardware stack levels required when called:    2
 This function calls:
		Nothing
 This function is called by:
		_calc_times
		_simulate
 This function uses a non-reentrant model


 *************** function ___lldiv *****************
 Defined at:
		line 5 in file "C:\Program Files (x86)\Microchip\xc8\v1.20\sources\pic\lldiv.c"
 Parameters:    Size  Location     Type
  divisor         4    0[BANK0 ] unsigned long 
  dividend        4    4[BANK0 ] unsigned long 
 Auto vars:     Size  Location     Type
  quotient        4    9[BANK0 ] unsigned long 
  counter         1   13[BANK0 ] unsigned char 
 Return value:  Size  Location     Type
                  4    0[BANK0 ] unsigned long 
 Registers used:
		wreg, status,2, status,0
 Tracked objects:
		On entry : 
		On exit  : 
		Unchanged: 
 Data sizes:     COMMON   BANK0   BANK1
      Params:         0       8       0
      Locals:         0       5       0
      Temps:          0       1       0
      Totals:         0      14       0
Total ram usage:       14 bytes
 Hardware stack levels used:    1
 Hardware stack levels required when called:    2
 This function calls:
		Nothing
 This function is called by:
		_calc_times
 This function uses a non-reentrant model


 *************** function _isr *****************
 Defined at:
		line 57 in file "C:/Users/David/MPLABXProjects/PICsun2.X/PICsun_main.c"
 Parameters:    Size  Location     Type
		None
 Auto vars:     Size  Location     Type
  value           1    4[COMMON] unsigned char 
  i2cStatus       1    3[COMMON] unsigned char 
 Return value:  Size  Location     Type
		None               void
 Registers used:
		wreg, fsr0l, fsr0h, fsr1l, fsr1h, status,2, status,0, pclath, cstack
 Tracked objects:
		On entry : 
		On exit  : 
		Unchanged: 
 Data sizes:     COMMON   BANK0   BANK1
      Params:         0       0       0
      Locals:         2       0       0
      Temps:          2       0       0
      Totals:         4       0       0
Total ram usage:        4 bytes
 Hardware stack levels used:    1
 Hardware stack levels required when called:    1
 This function calls:
		_I2CWrite
 This function is called by:
		Interrupt level 1
 This function uses a non-reentrant model


 *************** function _I2CWrite *****************
 Defined at:
		line 48 in file "C:/Users/David/MPLABXProjects/PICsun2.X/PICsun_main.c"
 Parameters:    Size  Location     Type
  data            1    wreg     unsigned char 
 Auto vars:     Size  Location     Type
  data            1    0[COMMON] unsigned char 
 Return value:  Size  Location     Type
		None               void
 Registers used:
		wreg
 Tracked objects:
		On entry : 
		On exit  : 
		Unchanged: 
 Data sizes:     COMMON   BANK0   BANK1
      Params:         0       0       0
      Locals:         1       0       0
      Temps:          0       0       0
      Totals:         1       0       0
Total ram usage:        1 bytes
 Hardware stack levels used:    1
 This function calls:
		Nothing
 This function is called by:
		_isr
 This function uses a non-reentrant model



MODULE INFORMATION

Module		Function		Class		Link	Load	Size
shared
		__initializatio		CODE           	03A3	0000	17

shared estimated size: 17

C:\Program Files (x86)\Microchip\xc8\v1.20\sources\pic\wmul.c
		___wmul        		CODE           	0385	0000	30

C:\Program Files (x86)\Microchip\xc8\v1.20\sources\pic\wmul.c estimated size: 30

C:\Program Files (x86)\Microchip\xc8\v1.20\sources\pic\lldiv.c
		___lldiv       		CODE           	028E	0000	83

C:\Program Files (x86)\Microchip\xc8\v1.20\sources\pic\lldiv.c estimated size: 83

C:/Users/David/MPLABXProjects/PICsun2.X/PICsun_main.c
		_simulate      		CODE           	0344	0000	35
		___init        		CODE           	02E1	0000	56
		_main          		CODE           	0319	0000	43
		_isr           		CODE           	0004	0000	120
		_check_segment 		CODE           	0165	0000	166
		_setPWMdc      		CODE           	0367	0000	30
		_delay_ms      		CODE           	03B6	0000	15
		_ready_pwm     		CODE           	020B	0000	131
		_I2CWrite      		CODE           	03C5	0000	13
		_calc_times    		CODE           	007D	0000	232

C:/Users/David/MPLABXProjects/PICsun2.X/PICsun_main.c estimated size: 841

