Microchip MPLAB XC8 Compiler V1.30 ()

Linker command line:

--edf=/opt/microchip/xc8/v1.30/dat/en_msgs.txt -cs \
  -h+dist/default/debug/PICsun.X.debug.sym \
  --cmf=dist/default/debug/PICsun.X.debug.cmf -z -Q12LF1822 \
  -o/tmp/cgtcXehUV -Mdist/default/debug/PICsun.X.debug.map -E1 -ver=XC8 \
  -ASTACK=02042h-0206fh -pstack=STACK -ACONST=00h-0FFhx8 -ACODE=00h-07FFh \
  -ASTRCODE=00h-07FFh -AENTRY=00h-0FFhx8 -ASTRING=00h-0FFhx8 \
  -ACOMMON=070h-07Fh -ABANK0=020h-06Fh -ABANK1=0A0h-0BFh \
  -ABIGRAM=02000h-0206Fh -ARAM=020h-06Fh,0A0h-0BFh \
  -AABS1=020h-07Fh,0A0h-0BFh -ASFR0=00h-01Fh -ASFR1=080h-09Fh \
  -ASFR2=0100h-016Fh -ASFR3=0180h-01EFh -ASFR4=0200h-026Fh \
  -ASFR5=0280h-02EFh -ASFR6=0300h-036Fh -ASFR7=0380h-03EFh \
  -ASFR8=0400h-046Fh -ASFR9=0480h-04EFh -ASFR10=0500h-056Fh \
  -ASFR11=0580h-05EFh -ASFR12=0600h-066Fh -ASFR13=0680h-06EFh \
  -ASFR14=0700h-076Fh -ASFR15=0780h-07EFh -ASFR16=0800h-086Fh \
  -ASFR17=0880h-08EFh -ASFR18=0900h-096Fh -ASFR19=0980h-09EFh \
  -ASFR20=0A00h-0A6Fh -ASFR21=0A80h-0AEFh -ASFR22=0B00h-0B6Fh \
  -ASFR23=0B80h-0BEFh -ASFR24=0C00h-0C6Fh -ASFR25=0C80h-0CEFh \
  -ASFR26=0D00h-0D6Fh -ASFR27=0D80h-0DEFh -ASFR28=0E00h-0E6Fh \
  -ASFR29=0E80h-0EEFh -ASFR30=0F00h-0F6Fh -ASFR31=0F80h-0FEFh \
  -preset_vec=00h,intentry,init,end_init -ppowerup=CODE -pcinit=CODE \
  -pfunctab=CODE -ACONFIG=08007h-08008h -pconfig=CONFIG -DCONFIG=2 \
  -AIDLOC=08000h-08003h -pidloc=IDLOC -DIDLOC=2 -AEEDATA=00h-0FFh/0F000h \
  -peeprom_data=EEDATA -DEEDATA=2 -DCODE=2 -DSTRCODE=2 -DSTRING=2 -DCONST=2 \
  -DENTRY=2 -k /tmp/cgtbZCPYW.obj dist/default/debug/PICsun.X.debug.obj 

Object code version is 3.11

Machine type is 12LF1822



                Name                               Link     Load   Length Selector   Space Scale
/tmp/cgtbZCPYW.obj
                end_init                              1        1        1        0       0
                reset_vec                             0        0        1        0       0
                config                             8007     8007        2    1000E       0
dist/default/debug/PICsun.X.debug.obj
                cinit                               7F8      7F8        8      FF0       0
                text8                               57C      57C       38      AF8       0
                text7                               546      546       36      A8C       0
                text6                               4CE      4CE       1D      99C       0
                text5                               737      737       C1      E6E       0
                text4                               5B4      5B4       6D      B68       0
                text3                               69A      69A       9D      D34       0
                text2                               621      621       79      C42       0
                text1                               515      515       31      A2A       0
                maintext                            4EB      4EB       2A      9D6       0
                cstackBANK0                          58       58        A       20       1
                cstackCOMMON                         70       70        E       70       1
                clrtext                             4C8      4C8        6      990       0
                bssBANK0                             20       20       38       20       1

TOTAL           Name                               Link     Load   Length     Space
        CLASS   STACK          

        CLASS   CONST          

        CLASS   CODE           
                end_init                              1        1        1         0
                cinit                               7F8      7F8        8         0
                reset_vec                             0        0        1         0
                text8                               57C      57C       38         0
                text7                               546      546       36         0
                text6                               4CE      4CE       1D         0
                text5                               737      737       C1         0
                text4                               5B4      5B4       6D         0
                text3                               69A      69A       9D         0
                text2                               621      621       79         0
                text1                               515      515       31         0
                maintext                            4EB      4EB       2A         0
                clrtext                             4C8      4C8        6         0

        CLASS   STRCODE        

        CLASS   ENTRY          

        CLASS   STRING         

        CLASS   COMMON         
                cstackCOMMON                         70       70        E         1

        CLASS   BANK0          
                cstackBANK0                          58       58        A         1
                bssBANK0                             20       20       38         1

        CLASS   BANK1          

        CLASS   BIGRAM         

        CLASS   RAM            

        CLASS   ABS1           
                abs_s1                               7E       7E        2         1

        CLASS   SFR0           

        CLASS   SFR1           

        CLASS   SFR2           

        CLASS   SFR3           

        CLASS   SFR4           

        CLASS   SFR5           

        CLASS   SFR6           

        CLASS   SFR7           

        CLASS   SFR8           

        CLASS   SFR9           

        CLASS   SFR10          

        CLASS   SFR11          

        CLASS   SFR12          

        CLASS   SFR13          

        CLASS   SFR14          

        CLASS   SFR15          

        CLASS   SFR16          

        CLASS   SFR17          

        CLASS   SFR18          

        CLASS   SFR19          

        CLASS   SFR20          

        CLASS   SFR21          

        CLASS   SFR22          

        CLASS   SFR23          

        CLASS   SFR24          

        CLASS   SFR25          

        CLASS   SFR26          

        CLASS   SFR27          

        CLASS   SFR28          

        CLASS   SFR29          

        CLASS   SFR30          

        CLASS   SFR31          

        CLASS   CONFIG         
                config                             8007     8007        2         0

        CLASS   IDLOC          

        CLASS   EEDATA         

        CLASS   BANK31         

        CLASS   BANK30         

        CLASS   BANK29         

        CLASS   BANK28         

        CLASS   BANK27         

        CLASS   BANK26         

        CLASS   BANK25         

        CLASS   BANK24         

        CLASS   BANK23         

        CLASS   BANK22         

        CLASS   BANK21         

        CLASS   BANK20         

        CLASS   BANK19         

        CLASS   BANK18         

        CLASS   BANK17         

        CLASS   BANK16         

        CLASS   BANK15         

        CLASS   BANK14         

        CLASS   BANK13         

        CLASS   BANK12         

        CLASS   BANK11         

        CLASS   BANK10         

        CLASS   BANK9          

        CLASS   BANK8          

        CLASS   BANK7          

        CLASS   BANK6          

        CLASS   BANK5          

        CLASS   BANK4          

        CLASS   BANK3          

        CLASS   BANK2          



SEGMENTS        Name                           Load    Length   Top    Selector   Space  Class     Delta

                reset_vec                      000000  000002  000002         0       0  CODE        2
                bssBANK0                       000020  000042  000062        20       1  BANK0       1
                cstackCOMMON                   000070  00000E  00007E        70       1  COMMON      1
                clrtext                        0004C8  000006  0004CE       990       0  CODE        2
                text6                          0004CE  00001D  0004EB       99C       0  CODE        2
                maintext                       0004EB  00002A  000515       9D6       0  CODE        2
                text1                          000515  000031  000546       A2A       0  CODE        2
                text7                          000546  000036  00057C       A8C       0  CODE        2
                text8                          00057C  000038  0005B4       AF8       0  CODE        2
                text4                          0005B4  00006D  000621       B68       0  CODE        2
                text2                          000621  000079  00069A       C42       0  CODE        2
                text3                          00069A  00009D  000737       D34       0  CODE        2
                text5                          000737  0000C1  0007F8       E6E       0  CODE        2
                cinit                          0007F8  000008  000800       FF0       0  CODE        2
                config                         008007  000002  008009     1000E       0  CONFIG      2


UNUSED ADDRESS RANGES

        Name                Unused          Largest block    Delta
        BANK0            00062-0006F               E           1
        BANK1            000A0-000BF              20           1
        BIGRAM           02000-0206F              70           1
        CODE             00002-004C7             4C6           2
        CONST            00002-004C7             100           2
        EEDATA           0F000-0F0FF             100           2
        ENTRY            00002-004C7             100           2
        IDLOC            08000-08003               4           2
        RAM              00062-0006F               E           1
                         000A0-000BF              20
        SFR0             00000-0001F              20           1
        SFR1             00080-0009F              20           1
        SFR10            00500-0056F              70           1
        SFR11            00580-005EF              70           1
        SFR12            00600-0066F              70           1
        SFR13            00680-006EF              70           1
        SFR14            00700-0076F              70           1
        SFR15            00780-007EF              70           1
        SFR16            00800-0086F              70           1
        SFR17            00880-008EF              70           1
        SFR18            00900-0096F              70           1
        SFR19            00980-009EF              70           1
        SFR2             00100-0016F              70           1
        SFR20            00A00-00A6F              70           1
        SFR21            00A80-00AEF              70           1
        SFR22            00B00-00B6F              70           1
        SFR23            00B80-00BEF              70           1
        SFR24            00C00-00C6F              70           1
        SFR25            00C80-00CEF              70           1
        SFR26            00D00-00D6F              70           1
        SFR27            00D80-00DEF              70           1
        SFR28            00E00-00E6F              70           1
        SFR29            00E80-00EEF              70           1
        SFR3             00180-001EF              70           1
        SFR30            00F00-00F6F              70           1
        SFR31            00F80-00FEF              70           1
        SFR4             00200-0026F              70           1
        SFR5             00280-002EF              70           1
        SFR6             00300-0036F              70           1
        SFR7             00380-003EF              70           1
        SFR8             00400-0046F              70           1
        SFR9             00480-004EF              70           1
        STACK            02042-0206F              2E           1
        STRCODE          00002-004C7             4C6           2
        STRING           00002-004C7             100           2

                                  Symbol Table

?___lwdiv                   cstackCOMMON 00070
?___wmul                    cstackCOMMON 00070
_ANSELA                     (abs)        0018C
_APFCONbits                 (abs)        0011D
_CCP1CONbits                (abs)        00293
_CCPR1L                     (abs)        00291
_INTCONbits                 (abs)        0000B
_LATA                       (abs)        0010C
_OPTION_REG                 (abs)        00095
_OSCCONbits                 (abs)        00099
_PIE1bits                   (abs)        00091
_PIR1bits                   (abs)        00011
_PR2                        (abs)        0001B
_SSP1ADD                    (abs)        00212
_SSP1CON1                   (abs)        00215
_SSP1CON2bits               (abs)        00216
_SSPBUF                     (abs)        00211
_SSPSTATbits                (abs)        00214
_T2CONbits                  (abs)        0001C
_TRISAbits                  (abs)        0008C
_WPUA                       (abs)        0020C
__CFG_BOREN$OFF             (abs)        00000
__CFG_BORV$LO               (abs)        00000
__CFG_CLKOUTEN$OFF          (abs)        00000
__CFG_CP$OFF                (abs)        00000
__CFG_CPD$OFF               (abs)        00000
__CFG_FCMEN$OFF             (abs)        00000
__CFG_FOSC$INTOSC           (abs)        00000
__CFG_IESO$OFF              (abs)        00000
__CFG_LVP$OFF               (abs)        00000
__CFG_MCLRE$OFF             (abs)        00000
__CFG_PLLEN$OFF             (abs)        00000
__CFG_STVREN$ON             (abs)        00000
__CFG_WDTE$OFF              (abs)        00000
__CFG_WRT$OFF               (abs)        00000
__Habs1                     abs1         00000
__Hbank0                    bank0        00000
__Hbank1                    bank1        00000
__Hbank10                   bank10       00000
__Hbank11                   bank11       00000
__Hbank12                   bank12       00000
__Hbank13                   bank13       00000
__Hbank14                   bank14       00000
__Hbank15                   bank15       00000
__Hbank16                   bank16       00000
__Hbank17                   bank17       00000
__Hbank18                   bank18       00000
__Hbank19                   bank19       00000
__Hbank2                    bank2        00000
__Hbank20                   bank20       00000
__Hbank21                   bank21       00000
__Hbank22                   bank22       00000
__Hbank23                   bank23       00000
__Hbank24                   bank24       00000
__Hbank25                   bank25       00000
__Hbank26                   bank26       00000
__Hbank27                   bank27       00000
__Hbank28                   bank28       00000
__Hbank29                   bank29       00000
__Hbank3                    bank3        00000
__Hbank30                   bank30       00000
__Hbank31                   bank31       00000
__Hbank4                    bank4        00000
__Hbank5                    bank5        00000
__Hbank6                    bank6        00000
__Hbank7                    bank7        00000
__Hbank8                    bank8        00000
__Hbank9                    bank9        00000
__Hbigram                   bigram       00000
__HbssBANK0                 bssBANK0     00000
__Hcinit                    cinit        00800
__Hclrtext                  clrtext      00000
__Hcode                     code         00000
__Hcommon                   common       00000
__Hconfig                   config       08009
__HcstackBANK0              cstackBANK0  00000
__HcstackCOMMON             cstackCOMMON 00000
__Heeprom_data              eeprom_data  00000
__Hend_init                 end_init     00002
__Hfunctab                  functab      00000
__Hidloc                    idloc        00000
__Hinit                     init         00001
__Hintentry                 intentry     00001
__Hmaintext                 maintext     00000
__Hpowerup                  powerup      00000
__Hram                      ram          00000
__Hreset_vec                reset_vec    00001
__Hsfr0                     sfr0         00000
__Hsfr1                     sfr1         00000
__Hsfr10                    sfr10        00000
__Hsfr11                    sfr11        00000
__Hsfr12                    sfr12        00000
__Hsfr13                    sfr13        00000
__Hsfr14                    sfr14        00000
__Hsfr15                    sfr15        00000
__Hsfr16                    sfr16        00000
__Hsfr17                    sfr17        00000
__Hsfr18                    sfr18        00000
__Hsfr19                    sfr19        00000
__Hsfr2                     sfr2         00000
__Hsfr20                    sfr20        00000
__Hsfr21                    sfr21        00000
__Hsfr22                    sfr22        00000
__Hsfr23                    sfr23        00000
__Hsfr24                    sfr24        00000
__Hsfr25                    sfr25        00000
__Hsfr26                    sfr26        00000
__Hsfr27                    sfr27        00000
__Hsfr28                    sfr28        00000
__Hsfr29                    sfr29        00000
__Hsfr3                     sfr3         00000
__Hsfr30                    sfr30        00000
__Hsfr31                    sfr31        00000
__Hsfr4                     sfr4         00000
__Hsfr5                     sfr5         00000
__Hsfr6                     sfr6         00000
__Hsfr7                     sfr7         00000
__Hsfr8                     sfr8         00000
__Hsfr9                     sfr9         00000
__Hstack                    stack        00000
__Hstrings                  strings      00000
__Htext                     text         00000
__Labs1                     abs1         00000
__Lbank0                    bank0        00000
__Lbank1                    bank1        00000
__Lbank10                   bank10       00000
__Lbank11                   bank11       00000
__Lbank12                   bank12       00000
__Lbank13                   bank13       00000
__Lbank14                   bank14       00000
__Lbank15                   bank15       00000
__Lbank16                   bank16       00000
__Lbank17                   bank17       00000
__Lbank18                   bank18       00000
__Lbank19                   bank19       00000
__Lbank2                    bank2        00000
__Lbank20                   bank20       00000
__Lbank21                   bank21       00000
__Lbank22                   bank22       00000
__Lbank23                   bank23       00000
__Lbank24                   bank24       00000
__Lbank25                   bank25       00000
__Lbank26                   bank26       00000
__Lbank27                   bank27       00000
__Lbank28                   bank28       00000
__Lbank29                   bank29       00000
__Lbank3                    bank3        00000
__Lbank30                   bank30       00000
__Lbank31                   bank31       00000
__Lbank4                    bank4        00000
__Lbank5                    bank5        00000
__Lbank6                    bank6        00000
__Lbank7                    bank7        00000
__Lbank8                    bank8        00000
__Lbank9                    bank9        00000
__Lbigram                   bigram       00000
__LbssBANK0                 bssBANK0     00000
__Lcinit                    cinit        007F8
__Lclrtext                  clrtext      00000
__Lcode                     code         00000
__Lcommon                   common       00000
__Lconfig                   config       08007
__LcstackBANK0              cstackBANK0  00000
__LcstackCOMMON             cstackCOMMON 00000
__Leeprom_data              eeprom_data  00000
__Lend_init                 end_init     00001
__Lfunctab                  functab      00000
__Lidloc                    idloc        00000
__Linit                     init         00001
__Lintentry                 intentry     00001
__Lmaintext                 maintext     00000
__Lpowerup                  powerup      00000
__Lram                      ram          00000
__Lreset_vec                reset_vec    00000
__Lsfr0                     sfr0         00000
__Lsfr1                     sfr1         00000
__Lsfr10                    sfr10        00000
__Lsfr11                    sfr11        00000
__Lsfr12                    sfr12        00000
__Lsfr13                    sfr13        00000
__Lsfr14                    sfr14        00000
__Lsfr15                    sfr15        00000
__Lsfr16                    sfr16        00000
__Lsfr17                    sfr17        00000
__Lsfr18                    sfr18        00000
__Lsfr19                    sfr19        00000
__Lsfr2                     sfr2         00000
__Lsfr20                    sfr20        00000
__Lsfr21                    sfr21        00000
__Lsfr22                    sfr22        00000
__Lsfr23                    sfr23        00000
__Lsfr24                    sfr24        00000
__Lsfr25                    sfr25        00000
__Lsfr26                    sfr26        00000
__Lsfr27                    sfr27        00000
__Lsfr28                    sfr28        00000
__Lsfr29                    sfr29        00000
__Lsfr3                     sfr3         00000
__Lsfr30                    sfr30        00000
__Lsfr31                    sfr31        00000
__Lsfr4                     sfr4         00000
__Lsfr5                     sfr5         00000
__Lsfr6                     sfr6         00000
__Lsfr7                     sfr7         00000
__Lsfr8                     sfr8         00000
__Lsfr9                     sfr9         00000
__Lstack                    stack        00000
__Lstrings                  strings      00000
__Ltext                     text         00000
__S0                        (abs)        08009
__S1                        (abs)        0007E
__S2                        (abs)        00000
__S3                        (abs)        00000
___init                     text8        0057C
___int_sp                   stack        00000
___latbits                  (abs)        00000
___lwdiv                    text7        00546
___lwdiv@counter            cstackCOMMON 00077
___lwdiv@dividend           cstackCOMMON 00072
___lwdiv@divisor            cstackCOMMON 00070
___lwdiv@quotient           cstackCOMMON 00075
___sp                       stack        00000
___wmul                     text6        004CE
___wmul@multiplicand        cstackCOMMON 00072
___wmul@multiplier          cstackCOMMON 00070
___wmul@product             cstackCOMMON 00074
__end_of___init             text8        005B4
__end_of___lwdiv            text7        0057C
__end_of___wmul             text6        004EB
__end_of__initialization    cinit        007FE
__end_of_calc_times         text5        007F8
__end_of_check_segment      text3        00737
__end_of_i2c_rcv            text4        00621
__end_of_main               maintext     00515
__end_of_ready_pwm          text2        0069A
__end_of_simulate           text1        00546
__initialization            cinit        007F8
__pbssBANK0                 bssBANK0     00020
__pcstackBANK0              cstackBANK0  00058
__pcstackCOMMON             cstackCOMMON 00070
__pmaintext                 maintext     004EB
__ptext0                    text0        00000
__ptext1                    text1        00515
__ptext2                    text2        00621
__ptext3                    text3        0069A
__ptext4                    text4        005B4
__ptext5                    text5        00737
__ptext6                    text6        004CE
__ptext7                    text7        00546
__ptext8                    text8        0057C
__size_of___init            (abs)        00000
__size_of___lwdiv           (abs)        00000
__size_of___wmul            (abs)        00000
__size_of_calc_times        (abs)        00000
__size_of_check_segment     (abs)        00000
__size_of_i2c_rcv           (abs)        00000
__size_of_main              (abs)        00000
__size_of_ready_pwm         (abs)        00000
__size_of_simulate          (abs)        00000
_calc_times                 text5        00737
_check_segment              text3        0069A
_i2c_rcv                    text4        005B4
_light_segments             bssBANK0     00020
_main                       maintext     004EB
_present_segment            bssBANK0     00054
_ready_pwm                  text2        00621
_real_time                  bssBANK0     00056
_simulate                   text1        00515
_sunrise_hms                bssBANK0     00048
_sunset_hms                 bssBANK0     0004E
btemp                       (abs)        0007E
calc_times@i                cstackBANK0  00060
calc_times@light_time       cstackBANK0  0005A
calc_times@segment_duration cstackBANK0  0005C
calc_times@sunrise_seconds  cstackBANK0  0005E
calc_times@sunset_seconds   cstackBANK0  00058
check_segment@check_time    cstackCOMMON 00070
check_segment@i             cstackCOMMON 00074
clear_ram0                  clrtext      004C8
end_of_initialization       cinit        007FE
i2c_rcv@rcvd_bytes          cstackCOMMON 00074
i2c_rcv@trash               cstackCOMMON 00072
intlevel0                   functab      00000
intlevel1                   functab      00000
intlevel2                   functab      00000
intlevel3                   functab      00000
intlevel4                   functab      00000
intlevel5                   functab      00000
ltemp                       (abs)        0007E
ltemp0                      (abs)        0007E
ltemp1                      (abs)        00082
ltemp2                      (abs)        00086
ltemp3                      (abs)        00080
ready_pwm@segment           cstackCOMMON 00070
reset_vec                   reset_vec    00000
simulate@simulation_time    cstackCOMMON 00078
stackhi                     (abs)        0206F
stacklo                     (abs)        02042
start                       init         00001
start_initialization        cinit        007F8
ttemp                       (abs)        0007E
ttemp0                      (abs)        0007E
ttemp1                      (abs)        00081
ttemp2                      (abs)        00084
ttemp3                      (abs)        00087
ttemp4                      (abs)        0007F
wtemp                       (abs)        0007E
wtemp0                      (abs)        0007E
wtemp1                      (abs)        00080
wtemp2                      (abs)        00082
wtemp3                      (abs)        00084
wtemp4                      (abs)        00086
wtemp5                      (abs)        00088
wtemp6                      (abs)        0007F


FUNCTION INFORMATION:

 *************** function _main *****************
 Defined at:
		line 251 in file "PICsun_main.c"
 Parameters:    Size  Location     Type
		None
 Auto vars:     Size  Location     Type
		None
 Return value:  Size  Location     Type
                  2  109[COMMON] int 
 Registers used:
		wreg, fsr1l, fsr1h, status,2, status,0, btemp+1, pclath, cstack
 Tracked objects:
		On entry : 
		On exit  : 
		Unchanged: 
 Data sizes:     COMMON   BANK0   BANK1
      Params:         0       0       0
      Locals:         0       0       0
      Temps:          0       0       0
      Totals:         0       0       0
Total ram usage:        0 bytes
 Hardware stack levels required when called:    2
 This function calls:
		___init
		_calc_times
		_i2c_rcv
		_simulate
 This function is called by:
		Startup code after reset
 This function uses a non-reentrant model


 *************** function _simulate *****************
 Defined at:
		line 185 in file "PICsun_main.c"
 Parameters:    Size  Location     Type
		None
 Auto vars:     Size  Location     Type
  simulation_t    2    8[COMMON] int 
 Return value:  Size  Location     Type
		None               void
 Registers used:
		wreg, fsr1l, fsr1h, status,2, status,0, btemp+1, pclath, cstack
 Tracked objects:
		On entry : 
		On exit  : 
		Unchanged: 
 Data sizes:     COMMON   BANK0   BANK1
      Params:         0       0       0
      Locals:         2       0       0
      Temps:          2       0       0
      Totals:         4       0       0
Total ram usage:        4 bytes
 Hardware stack levels used:    1
 Hardware stack levels required when called:    1
 This function calls:
		___wmul
		_check_segment
		_ready_pwm
 This function is called by:
		_main
 This function uses a non-reentrant model


 *************** function _ready_pwm *****************
 Defined at:
		line 116 in file "PICsun_main.c"
 Parameters:    Size  Location     Type
  segment         2    0[COMMON] int 
 Auto vars:     Size  Location     Type
		None
 Return value:  Size  Location     Type
		None               void
 Registers used:
		wreg, status,2, status,0
 Tracked objects:
		On entry : 
		On exit  : 
		Unchanged: 
 Data sizes:     COMMON   BANK0   BANK1
      Params:         2       0       0
      Locals:         0       0       0
      Temps:          0       0       0
      Totals:         2       0       0
Total ram usage:        2 bytes
 Hardware stack levels used:    1
 This function calls:
		Nothing
 This function is called by:
		_simulate
 This function uses a non-reentrant model


 *************** function _check_segment *****************
 Defined at:
		line 164 in file "PICsun_main.c"
 Parameters:    Size  Location     Type
  check_time      2    0[COMMON] int 
 Auto vars:     Size  Location     Type
  i               2    4[COMMON] int 
 Return value:  Size  Location     Type
		None               void
 Registers used:
		wreg, fsr1l, fsr1h, status,2, status,0, btemp+1
 Tracked objects:
		On entry : 
		On exit  : 
		Unchanged: 
 Data sizes:     COMMON   BANK0   BANK1
      Params:         2       0       0
      Locals:         2       0       0
      Temps:          2       0       0
      Totals:         6       0       0
Total ram usage:        6 bytes
 Hardware stack levels used:    1
 This function calls:
		Nothing
 This function is called by:
		_simulate
 This function uses a non-reentrant model


 *************** function _i2c_rcv *****************
 Defined at:
		line 29 in file "PICsun_main.c"
 Parameters:    Size  Location     Type
		None
 Auto vars:     Size  Location     Type
  rcvd_bytes      2    4[COMMON] int 
  trash           2    2[COMMON] int 
 Return value:  Size  Location     Type
		None               void
 Registers used:
		wreg, fsr1l, fsr1h, status,2, status,0, btemp+1
 Tracked objects:
		On entry : 
		On exit  : 
		Unchanged: 
 Data sizes:     COMMON   BANK0   BANK1
      Params:         0       0       0
      Locals:         4       0       0
      Temps:          2       0       0
      Totals:         6       0       0
Total ram usage:        6 bytes
 Hardware stack levels used:    1
 This function calls:
		Nothing
 This function is called by:
		_main
 This function uses a non-reentrant model


 *************** function _calc_times *****************
 Defined at:
		line 94 in file "PICsun_main.c"
 Parameters:    Size  Location     Type
		None
 Auto vars:     Size  Location     Type
  i               2    8[BANK0 ] int 
  sunrise_seco    2    6[BANK0 ] int 
  segment_dura    2    4[BANK0 ] unsigned int 
  light_time      2    2[BANK0 ] unsigned int 
  sunset_secon    2    0[BANK0 ] int 
 Return value:  Size  Location     Type
		None               void
 Registers used:
		wreg, fsr1l, fsr1h, status,2, status,0, btemp+1, pclath, cstack
 Tracked objects:
		On entry : 
		On exit  : 
		Unchanged: 
 Data sizes:     COMMON   BANK0   BANK1
      Params:         0       0       0
      Locals:         0      10       0
      Temps:          6       0       0
      Totals:         6      10       0
Total ram usage:       16 bytes
 Hardware stack levels used:    1
 Hardware stack levels required when called:    1
 This function calls:
		___lwdiv
		___wmul
 This function is called by:
		_main
 This function uses a non-reentrant model


 *************** function ___wmul *****************
 Defined at:
		line 4 in file "/opt/microchip/xc8/v1.30/sources/common/wmul.c"
 Parameters:    Size  Location     Type
  multiplier      2    0[COMMON] unsigned int 
  multiplicand    2    2[COMMON] unsigned int 
 Auto vars:     Size  Location     Type
  product         2    4[COMMON] unsigned int 
 Return value:  Size  Location     Type
                  2    0[COMMON] unsigned int 
 Registers used:
		wreg, status,2, status,0
 Tracked objects:
		On entry : 
		On exit  : 
		Unchanged: 
 Data sizes:     COMMON   BANK0   BANK1
      Params:         4       0       0
      Locals:         2       0       0
      Temps:          0       0       0
      Totals:         6       0       0
Total ram usage:        6 bytes
 Hardware stack levels used:    1
 This function calls:
		Nothing
 This function is called by:
		_calc_times
		_simulate
 This function uses a non-reentrant model


 *************** function ___lwdiv *****************
 Defined at:
		line 6 in file "/opt/microchip/xc8/v1.30/sources/common/lwdiv.c"
 Parameters:    Size  Location     Type
  divisor         2    0[COMMON] unsigned int 
  dividend        2    2[COMMON] unsigned int 
 Auto vars:     Size  Location     Type
  quotient        2    5[COMMON] unsigned int 
  counter         1    7[COMMON] unsigned char 
 Return value:  Size  Location     Type
                  2    0[COMMON] unsigned int 
 Registers used:
		wreg, status,2, status,0
 Tracked objects:
		On entry : 
		On exit  : 
		Unchanged: 
 Data sizes:     COMMON   BANK0   BANK1
      Params:         4       0       0
      Locals:         3       0       0
      Temps:          1       0       0
      Totals:         8       0       0
Total ram usage:        8 bytes
 Hardware stack levels used:    1
 This function calls:
		Nothing
 This function is called by:
		_calc_times
 This function uses a non-reentrant model


 *************** function ___init *****************
 Defined at:
		line 201 in file "PICsun_main.c"
 Parameters:    Size  Location     Type
		None
 Auto vars:     Size  Location     Type
		None
 Return value:  Size  Location     Type
		None               void
 Registers used:
		wreg, status,2, status,0
 Tracked objects:
		On entry : 
		On exit  : 
		Unchanged: 
 Data sizes:     COMMON   BANK0   BANK1
      Params:         0       0       0
      Locals:         0       0       0
      Temps:          2       0       0
      Totals:         2       0       0
Total ram usage:        2 bytes
 Hardware stack levels used:    1
 This function calls:
		Nothing
 This function is called by:
		_main
 This function uses a non-reentrant model



MODULE INFORMATION

Module		Function		Class		Link	Load	Size
PICsun_main.c
		_simulate      		CODE           	0515	0000	49
		___init        		CODE           	057C	0000	56
		_main          		CODE           	04EB	0000	42
		_i2c_rcv       		CODE           	05B4	0000	109
		_check_segment 		CODE           	069A	0000	157
		_ready_pwm     		CODE           	0621	0000	121
		_calc_times    		CODE           	0737	0000	193

PICsun_main.c estimated size: 727

/opt/microchip/xc8/v1.30/sources/common/lwdiv.c
		___lwdiv       		CODE           	0546	0000	54

/opt/microchip/xc8/v1.30/sources/common/lwdiv.c estimated size: 54

shared
		__initializatio		CODE           	07F8	0000	6

shared estimated size: 6

/opt/microchip/xc8/v1.30/sources/common/wmul.c
		___wmul        		CODE           	04CE	0000	29

/opt/microchip/xc8/v1.30/sources/common/wmul.c estimated size: 29

